CLIB_FOPEN_MAX                  = $FFFFFFFF ; L zx_crt
CLIB_OPEN_MAX                   = $FFFFFFFF ; L zx_crt
REGISTER_SP                     = $FFFFFFFF ; L zx_crt
TAR__clib_malloc_heap_size      = $FFFFFFFF ; L zx_crt
TAR__crt_interrupt_mode         = $FFFFFFFF ; L zx_crt
__MAX_OPEN                      = $FFFFFFFF ; G zx_crt
__MMAP                          = $FFFFFFFF ; L zx_crt
__clib_fopen_max                = $FFFFFFFF ; G zx_crt
__clib_open_max                 = $FFFFFFFF ; G zx_crt
__crt_interrupt_mode            = $FFFFFFFF ; L zx_crt
__fcntl_fdtbl_size              = $FFFFFFFF ; G zx_crt
__register_sp                   = $FFFFFFFF ; L zx_crt
CLIB_MALLOC_HEAP_SIZE           = $0000 ; L zx_crt
CLIB_STDIO_HEAP_SIZE            = $0000 ; L zx_crt
CRT_ENABLE_CLOSE                = $0000 ; L zx_crt
CRT_ENABLE_EIDI                 = $0000 ; L zx_crt
CRT_ON_EXIT                     = $0000 ; L zx_crt
DEF__crt_enable_trap            = $0000 ; L zx_crt
IOCTL_RESET                     = $0000 ; G zx_crt
SP1V_DISPORIGX                  = $0000 ; G zx_crt
SP1V_DISPORIGY                  = $0000 ; G zx_crt
STDIO_SEEK_SET                  = $0000 ; G zx_crt
TAR__clib_balloc_table_size     = $0000 ; L zx_crt
TAR__clib_exit_stack_size       = $0000 ; L zx_crt
TAR__clib_fopen_max             = $0000 ; L zx_crt
TAR__clib_open_max              = $0000 ; L zx_crt
TAR__clib_quickexit_stack_size  = $0000 ; L zx_crt
TAR__crt_enable_commandline     = $0000 ; L zx_crt
TAR__crt_enable_nmi             = $0000 ; L zx_crt
TAR__crt_enable_restart         = $0000 ; L zx_crt
TAR__crt_enable_rst             = $0000 ; L zx_crt
TAR__crt_include_preamble       = $0000 ; L zx_crt
TAR__crt_initialize_bss         = $0000 ; L zx_crt
TAR__crt_model                  = $0000 ; L zx_crt
TAR__crt_org_bss                = $0000 ; L zx_crt
TAR__crt_org_data               = $0000 ; L zx_crt
TAR__crt_org_vector_table       = $0000 ; L zx_crt
__BIFROST2_HOLE_SIZE            = $0000 ; G zx_crt
__BIFROSTH_SHIFT_COLUMNS        = $0000 ; G zx_crt
__BIFROSTH_SPRITE_MODE          = $0000 ; G zx_crt
__BSS_END_size                  = $0000 ; G 
__BSS_UNINITIALIZED_size        = $0000 ; G 
__BSS_size                      = $0000 ; G 
__CLIB_OPT_ERROR                = $0000 ; L error_edom_mc
__CLIB_OPT_ERROR                = $0000 ; G zx_crt
__CLIB_OPT_IMATH                = $0000 ; L l_divs_16_16x16
__CLIB_OPT_IMATH                = $0000 ; G zx_crt
__CLIB_OPT_IMATH_SELECT         = $0000 ; G zx_crt
__CLIB_OPT_MULTITHREAD          = $0000 ; G zx_crt
__CLIB_OPT_NUM2TXT              = $0000 ; G zx_crt
__CLIB_OPT_NUM2TXT_SELECT       = $0000 ; G zx_crt
__CLIB_OPT_PRINTF_2             = $0000 ; G zx_crt
__CLIB_OPT_SCANF_2              = $0000 ; G zx_crt
__CLIB_OPT_SORT_INSERTION       = $0000 ; G zx_crt
__CLIB_OPT_SORT_QSORT_PIVOT_MID = $0000 ; G zx_crt
__CLIB_OPT_STDIO                = $0000 ; G zx_crt
__CLIB_OPT_STRTOD               = $0000 ; G zx_crt
__CLIB_OPT_TXT2NUM_SELECT       = $0000 ; G zx_crt
__CLIB_OPT_UNROLL               = $0000 ; L asm_zx_cls_attr
__CLIB_OPT_UNROLL               = $0000 ; L asm_zx_cls_pix
__CLIB_OPT_UNROLL               = $0000 ; G zx_crt
__CODE_END_size                 = $0000 ; G 
__CODE_size                     = $0000 ; G 
__CPU_INFO                      = $0000 ; G zx_crt
__CRTCFG                        = $0000 ; L zx_crt
__DATA_END_size                 = $0000 ; G 
__DATA_size                     = $0000 ; G 
__EOK                           = $0000 ; G zx_crt
__ESXDOS_MODE_OPEN_EXIST        = $0000 ; G zx_crt
__ESXDOS_SEEK_SET               = $0000 ; G zx_crt
__IGNORE_size                   = $0000 ; G 
__MAX_FOPEN                     = $0000 ; G zx_crt
__NIRVANAM_HOLE_SIZE            = $0000 ; G zx_crt
__NIRVANAM_OPTIONS              = $0000 ; G zx_crt
__NIRVANAP_OPTIONS              = $0000 ; L NIRVANAP_ENGINE
__NIRVANAP_OPTIONS              = $0000 ; G zx_crt
__NIRVANAP_OPTIONS_WIDE_DRAW    = $0000 ; G zx_crt
__NIRVANAP_OPTIONS_WIDE_SPRITES = $0000 ; G zx_crt
__ULAP_COLOR_AMBER_0            = $0000 ; G zx_crt
__ULAP_COLOR_C64_BLACK          = $0000 ; G zx_crt
__ULAP_COLOR_G1_BLACK           = $0000 ; G zx_crt
__ULAP_COLOR_GREEN_0            = $0000 ; G zx_crt
__ULAP_COLOR_HTML_Black         = $0000 ; G zx_crt
__ULAP_COLOR_MONO_BLACK         = $0000 ; G zx_crt
__ULAP_COLOR_MONO_GREY_0        = $0000 ; G zx_crt
__ULAP_COLOR_STD_BLACK          = $0000 ; G zx_crt
__ULAP_COLOR_ZX_BLACK           = $0000 ; G zx_crt
__ULAP_COLOR_ZX_BRIGHT_BLACK    = $0000 ; G zx_crt
__USE_SPECTRUM_128_SECOND_DFILE = $0000 ; L asm_zx_cls_attr
__USE_SPECTRUM_128_SECOND_DFILE = $0000 ; L asm_zx_cls_pix
__USE_SPECTRUM_128_SECOND_DFILE = $0000 ; L asm_zx_cxy2saddr
__USE_SPECTRUM_128_SECOND_DFILE = $0000 ; L asm_zx_saddr2aaddr
__USE_SPECTRUM_128_SECOND_DFILE = $0000 ; G zx_crt
__bss_PSGlib_size               = $0000 ; G 
__bss_SMSlib_size               = $0000 ; G 
__bss_alloc_balloc_size         = $0000 ; G 
__bss_alloc_malloc_size         = $0000 ; G 
__bss_arch_size                 = $0000 ; G 
__bss_clib_size                 = $0000 ; G 
__bss_compress_aplib_size       = $0000 ; G 
__bss_driver_size               = $0000 ; G 
__bss_fcntl_size                = $0000 ; G 
__bss_font_size                 = $0000 ; G 
__bss_input_size                = $0000 ; G 
__bss_lib_size                  = $0000 ; G 
__bss_sound_bit_size            = $0000 ; G 
__bss_stdio_size                = $0000 ; G 
__bss_string_size               = $0000 ; G 
__clib_balloc_table_size        = $0000 ; L zx_crt
__clib_exit_stack_size          = $0000 ; L zx_crt
__clib_malloc_heap_size         = $0000 ; L zx_crt
__clib_quickexit_stack_size     = $0000 ; L zx_crt
__clib_stdio_heap_size          = $0000 ; L zx_crt
__code_PSGlib_size              = $0000 ; G 
__code_SMSlib_size              = $0000 ; G 
__code_adt_b_array_size         = $0000 ; G 
__code_adt_b_vector_size        = $0000 ; G 
__code_adt_ba_priority_queue_size = $0000 ; G 
__code_adt_ba_stack_size        = $0000 ; G 
__code_adt_bv_priority_queue_size = $0000 ; G 
__code_adt_bv_stack_size        = $0000 ; G 
__code_adt_p_forward_list_alt_size = $0000 ; G 
__code_adt_p_forward_list_size  = $0000 ; G 
__code_adt_p_list_size          = $0000 ; G 
__code_adt_p_queue_size         = $0000 ; G 
__code_adt_p_stack_size         = $0000 ; G 
__code_adt_w_array_size         = $0000 ; G 
__code_adt_w_vector_size        = $0000 ; G 
__code_adt_wa_priority_queue_size = $0000 ; G 
__code_adt_wa_stack_size        = $0000 ; G 
__code_adt_wv_priority_queue_size = $0000 ; G 
__code_adt_wv_stack_size        = $0000 ; G 
__code_alloc_balloc_size        = $0000 ; G 
__code_alloc_malloc_size        = $0000 ; G 
__code_alloc_obstack_size       = $0000 ; G 
__code_bifrost2_size            = $0000 ; G 
__code_bifrost_h_size           = $0000 ; G 
__code_bifrost_l_size           = $0000 ; G 
__code_clib_size                = $0000 ; G 
__code_compress_aplib_size      = $0000 ; G 
__code_compress_zx7_size        = $0000 ; G 
__code_crt_exit_size            = $0000 ; G 
__code_crt_init_size            = $0000 ; G 
__code_ctype_size               = $0000 ; G 
__code_driver_character_input_size = $0000 ; G 
__code_driver_character_output_size = $0000 ; G 
__code_driver_general_size      = $0000 ; G 
__code_driver_memstream_size    = $0000 ; G 
__code_driver_size              = $0000 ; G 
__code_driver_terminal_input_size = $0000 ; G 
__code_driver_terminal_output_size = $0000 ; G 
__code_driver_tty_size          = $0000 ; G 
__code_esxdos_size              = $0000 ; G 
__code_fcntl_size               = $0000 ; G 
__code_font_fzx_size            = $0000 ; G 
__code_font_size                = $0000 ; G 
__code_fp_genmath_size          = $0000 ; G 
__code_fp_math48_size           = $0000 ; G 
__code_im2_size                 = $0000 ; G 
__code_inttypes_size            = $0000 ; G 
__code_l_sccz80_size            = $0000 ; G 
__code_lib_size                 = $0000 ; G 
__code_locale_size              = $0000 ; G 
__code_network_size             = $0000 ; G 
__code_nirvanam_size            = $0000 ; G 
__code_setjmp_size              = $0000 ; G 
__code_stdio_size               = $0000 ; G 
__code_string_size              = $0000 ; G 
__code_temp_sp1_size            = $0000 ; G 
__code_threads_mutex_size       = $0000 ; G 
__code_threads_size             = $0000 ; G 
__code_z180_size                = $0000 ; G 
__crt_enable_close              = $0000 ; L zx_crt
__crt_enable_commandline        = $0000 ; L zx_crt
__crt_enable_eidi               = $0000 ; L zx_crt
__crt_enable_nmi                = $0000 ; L zx_crt
__crt_enable_restart            = $0000 ; L zx_crt
__crt_enable_rst                = $0000 ; L zx_crt
__crt_include_preamble          = $0000 ; L zx_crt
__crt_initialize_bss            = $0000 ; L zx_crt
__crt_model                     = $0000 ; L zx_crt
__crt_on_exit                   = $0000 ; L zx_crt
__crt_org_vector_table          = $0000 ; L zx_crt
__data_PSGlib_size              = $0000 ; G 
__data_SMSlib_size              = $0000 ; G 
__data_alloc_balloc_size        = $0000 ; G 
__data_alloc_malloc_size        = $0000 ; G 
__data_clib_size                = $0000 ; G 
__data_driver_size              = $0000 ; G 
__data_fcntl_fdtable_body_size  = $0000 ; G 
__data_fcntl_size               = $0000 ; G 
__data_fcntl_stdio_heap_body_size = $0000 ; G 
__data_fcntl_stdio_heap_head_size = $0000 ; G 
__data_fcntl_stdio_heap_tail_size = $0000 ; G 
__data_font_size                = $0000 ; G 
__data_lib_size                 = $0000 ; G 
__data_sound_bit_size           = $0000 ; G 
__data_stdio_size               = $0000 ; G 
__data_user_size                = $0000 ; G 
__exit_stack_size               = $0000 ; G zx_crt
__fcntl_fdtbl                   = $0000 ; G zx_crt
__head                          = $0000 ; G 
__quickexit_stack_size          = $0000 ; G zx_crt
__rodata_SMSlib_size            = $0000 ; G 
__rodata_arch_size              = $0000 ; G 
__rodata_clib_size              = $0000 ; G 
__rodata_driver_size            = $0000 ; G 
__rodata_error_strings_size     = $0000 ; G 
__rodata_fcntl_size             = $0000 ; G 
__rodata_font_4x8_size          = $0000 ; G 
__rodata_font_8x8_size          = $0000 ; G 
__rodata_font_fzx_size          = $0000 ; G 
__rodata_font_size              = $0000 ; G 
__rodata_input_size             = $0000 ; G 
__rodata_lib_size               = $0000 ; G 
__rodata_sound_bit_size         = $0000 ; G 
__rodata_stdio_size             = $0000 ; G 
__rodata_stdlib_size            = $0000 ; G 
__smc_clib_size                 = $0000 ; G 
__smc_compiler_size             = $0000 ; G 
__smc_driver_size               = $0000 ; G 
__smc_fcntl_size                = $0000 ; G 
__smc_font_size                 = $0000 ; G 
__smc_l_size                    = $0000 ; G 
__smc_lib_size                  = $0000 ; G 
__smc_sound_bit_size            = $0000 ; G 
__smc_user_size                 = $0000 ; G 
thrd_success                    = $0000 ; G zx_crt
DEFINED_CLIB_FOPEN_MAX          = $0001 ; L zx_crt
DEFINED_CLIB_MALLOC_HEAP_SIZE   = $0001 ; L zx_crt
DEFINED_CLIB_OPEN_MAX           = $0001 ; L zx_crt
DEFINED_CLIB_STDIO_HEAP_SIZE    = $0001 ; L zx_crt
DEFINED_CRT_ENABLE_CLOSE        = $0001 ; L zx_crt
DEFINED_CRT_ENABLE_EIDI         = $0001 ; L zx_crt
DEFINED_CRT_ON_EXIT             = $0001 ; L zx_crt
DEFINED_CRT_ORG_CODE            = $0001 ; L zx_crt
DEFINED_REGISTER_SP             = $0001 ; L zx_crt
DEFINED___MMAP                  = $0001 ; L zx_crt
DEFINED_startup                 = $0001 ; L zx_crt
STDIO_MSG_PUTC                  = $0001 ; G zx_crt
STDIO_SEEK_CUR                  = $0001 ; G zx_crt
TAR__crt_enable_close           = $0001 ; L zx_crt
TAR__crt_enable_eidi            = $0001 ; L zx_crt
__CLIB_OPT_ERROR_ENABLED        = $0001 ; G zx_crt
__CLIB_OPT_IMATH_FAST_DIV_UNROLL = $0001 ; G zx_crt
__CLIB_OPT_IMATH_SELECT_FAST_ASR = $0001 ; G zx_crt
__CLIB_OPT_MULTITHREAD_LOCK_HEAPS = $0001 ; G zx_crt
__CLIB_OPT_NUM2TXT_INT_BIN      = $0001 ; G zx_crt
__CLIB_OPT_NUM2TXT_SELECT_FAST_BIN = $0001 ; G zx_crt
__CLIB_OPT_PRINTF_2_lld         = $0001 ; G zx_crt
__CLIB_OPT_PRINTF_d             = $0001 ; G zx_crt
__CLIB_OPT_SCANF_2_lld          = $0001 ; G zx_crt
__CLIB_OPT_SCANF_d              = $0001 ; G zx_crt
__CLIB_OPT_SORT                 = $0001 ; G zx_crt
__CLIB_OPT_SORT_QSORT_PIVOT_RAN = $0001 ; G zx_crt
__CLIB_OPT_SORT_SHELL           = $0001 ; G zx_crt
__CLIB_OPT_STDIO_VALID          = $0001 ; G zx_crt
__CLIB_OPT_STRTOD_INF           = $0001 ; G zx_crt
__CLIB_OPT_STRTOD_NAN           = $0001 ; G zx_crt
__CLIB_OPT_TXT2NUM_INT_BIN      = $0001 ; G zx_crt
__CLIB_OPT_TXT2NUM_SELECT_FAST_BIN = $0001 ; G zx_crt
__CLIB_OPT_UNROLL_MEMCPY        = $0001 ; G zx_crt
__CPU_INFO_ENABLE_SLL           = $0001 ; G zx_crt
__EACCES                        = $0001 ; G zx_crt
__ESXDOS_EOK                    = $0001 ; G zx_crt
__ESXDOS_MODE_READ              = $0001 ; G zx_crt
__ESXDOS_SEEK_FWD               = $0001 ; G zx_crt
__NIRVANAM_OPTIONS_WIDE_DRAW    = $0001 ; G zx_crt
__NIRVANA_HOLE_size             = $0001 ; G 
__SDCC                          = $0001 ; L game_engine
__SDCC                          = $0001 ; L game_zx
__SDCC_IY                       = $0001 ; L zx_crt
__SOUND_BIT_METHOD              = $0001 ; L asm_bit_beep_raw
__SOUND_BIT_METHOD              = $0001 ; G zx_crt
__SPECTRUM                      = $0001 ; L NIRVANAP_ENGINE
__SPECTRUM                      = $0001 ; G zx_crt
__SPECTRUM_48                   = $0001 ; G zx_crt
__ULAP_COLOR_HTML_MidnightBlue  = $0001 ; G zx_crt
__Z80                           = $0001 ; G zx_crt
__Z80_NMOS                      = $0001 ; G zx_crt
__data_arch_size                = $0001 ; G 
__data_threads_size             = $0001 ; G 
__rodata_error_string_end_size  = $0001 ; G 
mtx_plain                       = $0001 ; G zx_crt
thrd_error                      = $0001 ; G zx_crt
STDIO_MSG_WRIT                  = $0002 ; G zx_crt
STDIO_SEEK_END                  = $0002 ; G zx_crt
__CLIB_OPT_ERROR_VERBOSE        = $0002 ; G zx_crt
__CLIB_OPT_IMATH_FAST_DIV_LZEROS = $0002 ; G zx_crt
__CLIB_OPT_IMATH_SELECT_FAST_LSR = $0002 ; G zx_crt
__CLIB_OPT_MULTITHREAD_LOCK_FILES = $0002 ; G zx_crt
__CLIB_OPT_NUM2TXT_INT_OCT      = $0002 ; G zx_crt
__CLIB_OPT_NUM2TXT_SELECT_FAST_OCT = $0002 ; G zx_crt
__CLIB_OPT_PRINTF_2_llu         = $0002 ; G zx_crt
__CLIB_OPT_PRINTF_u             = $0002 ; G zx_crt
__CLIB_OPT_SCANF_2_llu          = $0002 ; G zx_crt
__CLIB_OPT_SCANF_u              = $0002 ; G zx_crt
__CLIB_OPT_SORT_QUICK           = $0002 ; G zx_crt
__CLIB_OPT_STRTOD_HEX           = $0002 ; G zx_crt
__CLIB_OPT_TXT2NUM_INT_OCT      = $0002 ; G zx_crt
__CLIB_OPT_TXT2NUM_SELECT_FAST_OCT = $0002 ; G zx_crt
__CLIB_OPT_UNROLL_MEMSET        = $0002 ; G zx_crt
__EBADF                         = $0002 ; G zx_crt
__ESXDOS_ENONSENSE              = $0002 ; G zx_crt
__ESXDOS_MODE_WRITE             = $0002 ; G zx_crt
__ESXDOS_SEEK_BWD               = $0002 ; G zx_crt
__NIRVANAM_OPTIONS_WIDE_SPRITES = $0002 ; G zx_crt
__SPECTRUM_128                  = $0002 ; G zx_crt
__ULAP_COLOR_G1_BLUE            = $0002 ; G zx_crt
__ULAP_COLOR_HTML_DarkBlue      = $0002 ; G zx_crt
__ULAP_COLOR_HTML_Navy          = $0002 ; G zx_crt
__ULAP_COLOR_STD_DARK_BLUE      = $0002 ; G zx_crt
__ULAP_COLOR_ZX_BLUE            = $0002 ; G zx_crt
__Z80_CMOS                      = $0002 ; G zx_crt
__bss_error_size                = $0002 ; G 
__bss_stdlib_size               = $0002 ; G 
__code_crt_return_size          = $0002 ; G 
mtx_recursive                   = $0002 ; G zx_crt
thrd_nomem                      = $0002 ; G zx_crt
CHAR_CTRL_C                     = $0003 ; G zx_crt
STDIO_MSG_GETC                  = $0003 ; G zx_crt
__CLIB_OPT_SORT_QSORT_PIVOT     = $0003 ; G zx_crt
__EBDFD                         = $0003 ; G zx_crt
__ESXDOS_ESTEND                 = $0003 ; G zx_crt
__LOADER_size                   = $0003 ; G 
__ULAP_COLOR_HTML_Blue          = $0003 ; G zx_crt
__ULAP_COLOR_HTML_MediumBlue    = $0003 ; G zx_crt
__ULAP_COLOR_RB_BLUE            = $0003 ; G zx_crt
__ULAP_COLOR_STD_BLUE           = $0003 ; G zx_crt
__ULAP_COLOR_ZX_BRIGHT_BLUE     = $0003 ; G zx_crt
CHAR_CTRL_D                     = $0004 ; G zx_crt
STDIO_MSG_EATC                  = $0004 ; G zx_crt
__BIFROST2_ANIM_GROUP           = $0004 ; G zx_crt
__BIFROSTH_ANIM_GROUP           = $0004 ; G zx_crt
__BIFROSTH_ANIM_SPEED           = $0004 ; G zx_crt
__BIFROSTL_ANIM_GROUP           = $0004 ; G zx_crt
__BIFROSTL_ANIM_SPEED           = $0004 ; G zx_crt
__CLIB_OPT_IMATH_FAST_MUL_UNROLL = $0004 ; G zx_crt
__CLIB_OPT_IMATH_SELECT_FAST_LSL = $0004 ; G zx_crt
__CLIB_OPT_MULTITHREAD_LOCK_FLIST = $0004 ; G zx_crt
__CLIB_OPT_NUM2TXT_INT_DEC      = $0004 ; G zx_crt
__CLIB_OPT_NUM2TXT_SELECT_FAST_DEC = $0004 ; G zx_crt
__CLIB_OPT_PRINTF_2_llx         = $0004 ; G zx_crt
__CLIB_OPT_PRINTF_x             = $0004 ; G zx_crt
__CLIB_OPT_SCANF_2_llx          = $0004 ; G zx_crt
__CLIB_OPT_SCANF_x              = $0004 ; G zx_crt
__CLIB_OPT_SORT_QSORT_ENABLE_INSERTION = $0004 ; G zx_crt
__CLIB_OPT_TXT2NUM              = $0004 ; G zx_crt
__CLIB_OPT_TXT2NUM_INT_DEC      = $0004 ; G zx_crt
__CLIB_OPT_TXT2NUM_SELECT_FAST_DEC = $0004 ; G zx_crt
__EDOM                          = $0004 ; G zx_crt
__ESXDOS_EWRTYPE                = $0004 ; G zx_crt
__ESXDOS_MODE_CREAT_NOEXIST     = $0004 ; G zx_crt
__SOUND_BIT_TOGGLE_POS          = $0004 ; L asm_bit_beep_raw
__SOUND_BIT_TOGGLE_POS          = $0004 ; G zx_crt
__SPECTRUM_128_P2               = $0004 ; G zx_crt
__ULAP_COLOR_AMBER_1            = $0004 ; G zx_crt
__code_crt_main_size            = $0004 ; G 
__data_stdlib_size              = $0004 ; G 
mtx_timed                       = $0004 ; G zx_crt
thrd_busy                       = $0004 ; G zx_crt
STDIO_MSG_READ                  = $0005 ; G zx_crt
__EFBIG                         = $0005 ; G zx_crt
__ESXDOS_ENOENT                 = $0005 ; G zx_crt
CHAR_CAPS                       = $0006 ; G zx_crt
STDIO_MSG_SEEK                  = $0006 ; G zx_crt
__EINVAL                        = $0006 ; G zx_crt
__ESXDOS_EIO                    = $0006 ; G zx_crt
__bss_user_size                 = $0006 ; G 
CHAR_BELL                       = $0007 ; G zx_crt
STDIO_MSG_ICTL                  = $0007 ; G zx_crt
__BIFROST2_TILE_ORDER           = $0007 ; G zx_crt
__BIFROSTH_TILE_ORDER           = $0007 ; G zx_crt
__BIFROSTL_TILE_ORDER           = $0007 ; G zx_crt
__EMFILE                        = $0007 ; G zx_crt
__ESXDOS_EINVAL                 = $0007 ; G zx_crt
STDIO_MSG_FLSH                  = $0008 ; G zx_crt
__CLIB_OPT_IMATH_FAST_MUL_LZEROS = $0008 ; G zx_crt
__CLIB_OPT_MULTITHREAD_LOCK_FDTBL = $0008 ; G zx_crt
__CLIB_OPT_NUM2TXT_INT_HEX      = $0008 ; G zx_crt
__CLIB_OPT_NUM2TXT_SELECT_FAST_HEX = $0008 ; G zx_crt
__CLIB_OPT_PRINTF_2_llX         = $0008 ; G zx_crt
__CLIB_OPT_PRINTF_X             = $0008 ; G zx_crt
__CLIB_OPT_SCANF_2_llX          = $0008 ; G zx_crt
__CLIB_OPT_SCANF_X              = $0008 ; G zx_crt
__CLIB_OPT_SORT_QSORT_ENABLE_EQUAL = $0008 ; G zx_crt
__CLIB_OPT_TXT2NUM_INT_HEX      = $0008 ; G zx_crt
__CLIB_OPT_TXT2NUM_SELECT_FAST_HEX = $0008 ; G zx_crt
__ENFILE                        = $0008 ; G zx_crt
__ESXDOS_EACCES                 = $0008 ; G zx_crt
__ESXDOS_MODE_OPEN_CREAT        = $0008 ; G zx_crt
__ESXDOS_SYSCALL                = $0008 ; G zx_crt
__SPECTRUM_128_P2A              = $0008 ; G zx_crt
thrd_timedout                   = $0008 ; G zx_crt
STDIO_MSG_CLOS                  = $0009 ; G zx_crt
__ENOLCK                        = $0009 ; G zx_crt
__ESXDOS_ENOSPC                 = $0009 ; G zx_crt
CHAR_LF                         = $000A ; G zx_crt
__ENOMEM                        = $000A ; G zx_crt
__ESXDOS_ENXIO                  = $000A ; G zx_crt
__ULAP_COLOR_HTML_Indigo        = $000A ; G zx_crt
__ULAP_COLOR_RB_VIOLET          = $000A ; G zx_crt
__ENOTSUP                       = $000B ; G zx_crt
__ESXDOS_ENODRV                 = $000B ; G zx_crt
CHAR_BS                         = $000C ; G zx_crt
__CLIB_OPT_SORT_QSORT           = $000C ; G zx_crt
__EOVERFLOW                     = $000C ; G zx_crt
__ESXDOS_ENFILE                 = $000C ; G zx_crt
__ESXDOS_MODE_CREAT_TRUNC       = $000C ; G zx_crt
__ULAP_COLOR_G1_MAROON          = $000C ; G zx_crt
CHAR_CR                         = $000D ; G zx_crt
__ERANGE                        = $000D ; G zx_crt
__ESXDOS_EBADF                  = $000D ; G zx_crt
__ESTAT                         = $000E ; G zx_crt
__ESXDOS_ENODEV                 = $000E ; G zx_crt
ICHAR_MSG_GETC                  = $000F ; G zx_crt
ITERM_MSG_GETC                  = $000F ; G zx_crt
__CLIB_OPT_IMATH_FAST           = $000F ; G zx_crt
__EAGAIN                        = $000F ; G zx_crt
__ESXDOS_EOVERFLOW              = $000F ; G zx_crt
__EWOULDBLOCK                   = $000F ; G zx_crt
ITERM_MSG_INTERRUPT             = $0010 ; G zx_crt
__CLIB_OPT_MULTITHREAD_LOCK_FDSTR = $0010 ; G zx_crt
__CLIB_OPT_NUM2TXT_LONG_BIN     = $0010 ; G zx_crt
__CLIB_OPT_PRINTF_2_llo         = $0010 ; G zx_crt
__CLIB_OPT_PRINTF_o             = $0010 ; G zx_crt
__CLIB_OPT_SCANF_2_llo          = $0010 ; G zx_crt
__CLIB_OPT_SCANF_o              = $0010 ; G zx_crt
__CLIB_OPT_TXT2NUM_LONG_BIN     = $0010 ; G zx_crt
__CLIB_OPT_UNROLL_OTIR          = $0010 ; G zx_crt
__ESXDOS_EISDIR                 = $0010 ; G zx_crt
__SOUND_BIT_TOGGLE              = $0010 ; L asm_bit_beep_raw
__SOUND_BIT_TOGGLE              = $0010 ; G zx_crt
__SPECTRUM_128_P3               = $0010 ; G zx_crt
__ULAP_COLOR_HTML_DarkRed       = $0010 ; G zx_crt
__ULAP_COLOR_HTML_Maroon        = $0010 ; G zx_crt
__ULAP_COLOR_STD_DARK_RED       = $0010 ; G zx_crt
ITERM_MSG_PUTC                  = $0011 ; G zx_crt
__ESXDOS_ENOTDIR                = $0011 ; G zx_crt
ITERM_MSG_PRINT_CURSOR          = $0012 ; G zx_crt
__ESXDOS_EEXIST                 = $0012 ; G zx_crt
__NIRVANAP_TOTAL_ROWS           = $0012 ; G zx_crt
__ULAP_COLOR_HTML_DarkMagenta   = $0012 ; G zx_crt
__ULAP_COLOR_HTML_Purple        = $0012 ; G zx_crt
__code_l_sdcc_size              = $0012 ; G 
__code_stdlib_size              = $0012 ; G 
ITERM_MSG_ERASE_CURSOR          = $0013 ; G zx_crt
__ESXDOS_EPATH                  = $0013 ; G zx_crt
__ULAP_COLOR_HTML_DarkViolet    = $0013 ; G zx_crt
__ULAP_COLOR_RB_INDIGO          = $0013 ; G zx_crt
ITERM_MSG_ERASE_CURSOR_PWD      = $0014 ; G zx_crt
__ESXDOS_ENOSYS                 = $0014 ; G zx_crt
ITERM_MSG_BS                    = $0015 ; G zx_crt
__ESXDOS_ENAMETOOLONG           = $0015 ; G zx_crt
ITERM_MSG_BS_PWD                = $0016 ; G zx_crt
__BIFROST2_TOTAL_ROWS           = $0016 ; G zx_crt
__ESXDOS_ENOCMD                 = $0016 ; G zx_crt
__NIRVANAM_TOTAL_ROWS           = $0016 ; G zx_crt
ITERM_MSG_READLINE_BEGIN        = $0017 ; G zx_crt
__ESXDOS_EINUSE                 = $0017 ; G zx_crt
__SOUND_BIT_READ_MASK           = $0017 ; L asm_bit_open
__SOUND_BIT_READ_MASK           = $0017 ; G zx_crt
ITERM_MSG_READLINE_END          = $0018 ; G zx_crt
SP1V_DISPHEIGHT                 = $0018 ; G zx_crt
__ESXDOS_ERDONLY                = $0018 ; G zx_crt
__ESXDOS_ROMCALL                = $0018 ; G zx_crt
__ULAP_COLOR_HTML_Crimson       = $0018 ; G zx_crt
__ULAP_COLOR_ZX_RED             = $0018 ; G zx_crt
ITERM_MSG_BELL                  = $0019 ; G zx_crt
CHAR_CTRL_Z                     = $001A ; G zx_crt
__MESSAGE_ITERM_NEXT__          = $001A ; G zx_crt
__ULAP_COLOR_HTML_MediumVioletRed = $001A ; G zx_crt
CHAR_ESC                        = $001B ; G zx_crt
__ULAP_COLOR_ZX_MAGENTA         = $001B ; G zx_crt
__ULAP_COLOR_HTML_Red           = $001C ; G zx_crt
__ULAP_COLOR_RB_RED             = $001C ; G zx_crt
__ULAP_COLOR_STD_RED            = $001C ; G zx_crt
__ULAP_COLOR_ZX_BRIGHT_RED      = $001C ; G zx_crt
OCHAR_MSG_PUTC_BIN              = $001E ; G zx_crt
OTERM_MSG_PUTC                  = $001E ; G zx_crt
__ULAP_COLOR_HTML_DeepPink      = $001E ; G zx_crt
OTERM_MSG_TTY                   = $001F ; G zx_crt
__ULAP_COLOR_HTML_Fuchsia       = $001F ; G zx_crt
__ULAP_COLOR_HTML_Magenta       = $001F ; G zx_crt
__ULAP_COLOR_STD_MAGENTA        = $001F ; G zx_crt
__ULAP_COLOR_ZX_BRIGHT_MAGENTA  = $001F ; G zx_crt
startup                         = $001F ; L zx_crt
OCHAR_MSG_PUTC                  = $0020 ; G zx_crt
OTERM_MSG_PRINTC                = $0020 ; G zx_crt
SP1V_DISPWIDTH                  = $0020 ; G zx_crt
__CLIB_OPT_NUM2TXT_LONG_OCT     = $0020 ; G zx_crt
__CLIB_OPT_PRINTF_n             = $0020 ; G zx_crt
__CLIB_OPT_SCANF_n              = $0020 ; G zx_crt
__CLIB_OPT_TXT2NUM_LONG_OCT     = $0020 ; G zx_crt
__CLIB_OPT_UNROLL_LDIR          = $0020 ; L asm_zx_cls_attr
__CLIB_OPT_UNROLL_LDIR          = $0020 ; L asm_zx_cls_pix
__CLIB_OPT_UNROLL_LDIR          = $0020 ; G zx_crt
__MCLOAD_size                   = $0020 ; G 
__SPECTRUM_PENTAGON             = $0020 ; L NIRVANAP_ENGINE
__SPECTRUM_PENTAGON             = $0020 ; G zx_crt
__ULAP_COLOR_GREEN_1            = $0020 ; G zx_crt
OTERM_MSG_SCROLL                = $0021 ; G zx_crt
OTERM_MSG_CLS                   = $0022 ; G zx_crt
OTERM_MSG_PAUSE                 = $0023 ; G zx_crt
OTERM_MSG_BELL                  = $0024 ; G zx_crt
__ESXDOS_DRIVE_SYSTEM           = $0024 ; G zx_crt
__ULAP_COLOR_STD_GREY           = $0024 ; G zx_crt
OTERM_MSG_PSCROLL               = $0025 ; G zx_crt
__MESSAGE_OTERM_NEXT__          = $0026 ; G zx_crt
__ULAP_COLOR_C64_BLUE           = $0026 ; G zx_crt
__code_error_size               = $0027 ; G 
__ULAP_COLOR_AMBER_2            = $0028 ; G zx_crt
CHAR_PASSWORD                   = $002A ; G zx_crt
__ESXDOS_DRIVE_CURRENT          = $002A ; G zx_crt
__ULAP_COLOR_HTML_DarkSlateBlue = $002A ; G zx_crt
__ULAP_COLOR_AMBER_3            = $002C ; G zx_crt
CHAR_CURSOR_UC                  = $002D ; G zx_crt
__MESSAGE_NEXT__                = $002D ; G zx_crt
__ULAP_COLOR_HTML_RebeccaPurple = $002E ; G zx_crt
__ESXDOS_AUXCALL                = $0030 ; G zx_crt
__ULAP_COLOR_C64_RED            = $0030 ; G zx_crt
__ERROR_NEXT                    = $0032 ; G zx_crt
__ULAP_COLOR_HTML_BlueViolet    = $0033 ; G zx_crt
__ULAP_COLOR_HTML_DarkOrchid    = $0033 ; G zx_crt
__ULAP_COLOR_HTML_Brown         = $0034 ; G zx_crt
__ULAP_COLOR_HTML_FireBrick     = $0034 ; G zx_crt
__code_z80_size                 = $0037 ; G 
__CLIB_OPT_NUM2TXT_LONG_DEC     = $0040 ; G zx_crt
__CLIB_OPT_PRINTF_2_lli         = $0040 ; G zx_crt
__CLIB_OPT_PRINTF_i             = $0040 ; G zx_crt
__CLIB_OPT_SCANF_2_lli          = $0040 ; G zx_crt
__CLIB_OPT_SCANF_i              = $0040 ; G zx_crt
__CLIB_OPT_TXT2NUM_LONG_DEC     = $0040 ; G zx_crt
__CLIB_OPT_UNROLL_USER_SMC      = $0040 ; G zx_crt
__ESXDOS_MODE_USE_HEADER        = $0040 ; G zx_crt
__ULAP_COLOR_GREEN_2            = $0040 ; G zx_crt
__rodata_compiler_size          = $0043 ; G 
__ULAP_COLOR_HTML_DarkSlateGray = $0045 ; G zx_crt
__ULAP_COLOR_HTML_DarkSlateGrey = $0045 ; G zx_crt
__code_crt_common_size          = $0047 ; G 
__ULAP_COLOR_C64_BROWN          = $0048 ; G zx_crt
__ULAP_COLOR_C64_GREY1          = $0049 ; G zx_crt
__ULAP_COLOR_MONO_GREY_1        = $0049 ; G zx_crt
__ULAP_COLOR_STD_BRIGHT_GREY    = $0049 ; G zx_crt
__code_l_size                   = $004B ; G 
__ULAP_COLOR_HTML_SlateBlue     = $004F ; G zx_crt
__code_arch_size                = $004F ; G 
__ULAP_COLOR_AMBER_4            = $0050 ; G zx_crt
__ULAP_COLOR_C64_ORANGE         = $0050 ; G zx_crt
__ULAP_COLOR_HTML_SaddleBrown   = $0050 ; G zx_crt
__code_sound_bit_size           = $0051 ; G 
__ULAP_COLOR_C64_VIOLET         = $0052 ; G zx_crt
__ULAP_COLOR_AMBER_5            = $0054 ; G zx_crt
__ULAP_COLOR_G1_SIENNA          = $0054 ; G zx_crt
__ULAP_COLOR_HTML_Sienna        = $0054 ; G zx_crt
__ULAP_COLOR_HTML_MediumOrchid  = $0057 ; G zx_crt
__ULAP_COLOR_HTML_IndianRed     = $0059 ; G zx_crt
__code_nirvanap_size            = $005B ; G 
__ULAP_COLOR_HTML_OrangeRed     = $005C ; G zx_crt
__ULAP_COLOR_STD_BRIGHT_RED     = $005D ; G zx_crt
CHAR_CURSOR_LC                  = $005F ; G zx_crt
__ULAP_COLOR_GREEN_3            = $0060 ; G zx_crt
__ULAP_COLOR_HTML_DarkGreen     = $0060 ; G zx_crt
__ULAP_COLOR_G1_DARK_TEAL       = $0062 ; G zx_crt
__code_math_size                = $0067 ; G 
__ULAP_COLOR_HTML_DarkOliveGreen = $0068 ; G zx_crt
__ULAP_COLOR_G1_SLATEBLUE       = $006B ; G zx_crt
__ULAP_COLOR_HTML_RoyalBlue     = $006B ; G zx_crt
__ULAP_COLOR_G1_GREY            = $006D ; G zx_crt
__ULAP_COLOR_HTML_DimGray       = $006D ; G zx_crt
__ULAP_COLOR_HTML_DimGrey       = $006D ; G zx_crt
__ULAP_COLOR_STD_LIGHT_GREY     = $006D ; G zx_crt
__ULAP_COLOR_C64_LIGHTBLUE      = $006F ; G zx_crt
__ULAP_COLOR_HTML_MediumSlateBlue = $006F ; G zx_crt
__LOADER_CODE_size              = $0071 ; G 
__ULAP_COLOR_HTML_MediumPurple  = $0073 ; G zx_crt
__ULAP_COLOR_C64_LIGHTRED       = $0075 ; G zx_crt
__ULAP_COLOR_AMBER_6            = $0078 ; G zx_crt
__ULAP_COLOR_HTML_Chocolate     = $0078 ; G zx_crt
__ULAP_COLOR_HTML_PaleVioletRed = $007A ; G zx_crt
__ULAP_COLOR_HTML_Orchid        = $007B ; G zx_crt
__ULAP_COLOR_AMBER_7            = $007C ; G zx_crt
__ULAP_COLOR_RB_ORANGE          = $007C ; G zx_crt
__ULAP_COLOR_HTML_Coral         = $007D ; G zx_crt
__ULAP_COLOR_HTML_Tomato        = $007D ; G zx_crt
__ULAP_COLOR_HTML_HotPink       = $007E ; G zx_crt
__BIFROST2_STATIC_MIN           = $0080 ; G zx_crt
__BIFROST2_STATIC_OVERLAP       = $0080 ; G zx_crt
__BIFROSTH_STATIC_MIN           = $0080 ; G zx_crt
__BIFROSTH_STATIC_OVERLAP       = $0080 ; G zx_crt
__BIFROSTL_STATIC_MIN           = $0080 ; G zx_crt
__BIFROSTL_STATIC_OVERLAP       = $0080 ; G zx_crt
__CLIB_OPT_IMATH_FAST_LIA       = $0080 ; G zx_crt
__CLIB_OPT_NUM2TXT_LONG_HEX     = $0080 ; G zx_crt
__CLIB_OPT_PRINTF_p             = $0080 ; G zx_crt
__CLIB_OPT_SCANF_p              = $0080 ; G zx_crt
__CLIB_OPT_TXT2NUM_LONG_HEX     = $0080 ; G zx_crt
__CLIB_OPT_UNROLL_LIB_SMC       = $0080 ; G zx_crt
__ESXDOS_BASE_HOOK              = $0080 ; G zx_crt
__ESXDOS_SYS_DISK_STATUS        = $0080 ; G zx_crt
__ULAP_COLOR_GREEN_4            = $0080 ; G zx_crt
__ULAP_COLOR_HTML_Green         = $0080 ; G zx_crt
__ULAP_COLOR_STD_DARK_GREEN     = $0080 ; G zx_crt
__ESXDOS_SYS_DISK_READ          = $0081 ; G zx_crt
__ESXDOS_SYS_DISK_WRITE         = $0082 ; G zx_crt
__ULAP_COLOR_HTML_DarkCyan      = $0082 ; G zx_crt
__ULAP_COLOR_HTML_Teal          = $0082 ; G zx_crt
__ESXDOS_SYS_DISK_IOCTL         = $0083 ; G zx_crt
__ULAP_COLOR_HTML_DodgerBlue    = $0083 ; G zx_crt
__ESXDOS_SYS_DISK_INFO          = $0084 ; G zx_crt
__ULAP_COLOR_HTML_ForestGreen   = $0084 ; G zx_crt
__ULAP_COLOR_HTML_SeaGreen      = $0085 ; G zx_crt
__ESXDOS_BASE_MISC              = $0088 ; G zx_crt
__ESXDOS_SYS_M_DOSVERSION       = $0088 ; G zx_crt
__ESXDOS_SYS_M_GETSETDRV        = $0089 ; G zx_crt
__ESXDOS_SYS_M_DRIVEINFO        = $008A ; G zx_crt
__ULAP_COLOR_HTML_CadetBlue     = $008A ; G zx_crt
__ULAP_COLOR_HTML_SteelBlue     = $008A ; G zx_crt
__ESXDOS_SYS_M_TAPEIN           = $008B ; G zx_crt
__ESXDOS_SYS_M_TAPEOUT          = $008C ; G zx_crt
__ULAP_COLOR_HTML_OliveDrab     = $008C ; G zx_crt
__ESXDOS_SYS_M_GETHANDLE        = $008D ; G zx_crt
__ESXDOS_SYS_M_GETDATE          = $008E ; G zx_crt
__ULAP_COLOR_HTML_LightSlateGray = $008E ; G zx_crt
__ULAP_COLOR_HTML_LightSlateGrey = $008E ; G zx_crt
__ULAP_COLOR_HTML_SlateGray     = $008E ; G zx_crt
__ULAP_COLOR_HTML_SlateGrey     = $008E ; G zx_crt
__ULAP_COLOR_HTML_CornflowerBlue = $008F ; G zx_crt
__ULAP_COLOR_HTML_Olive         = $0090 ; G zx_crt
__ULAP_COLOR_C64_GREY2          = $0092 ; G zx_crt
__ULAP_COLOR_HTML_Gray          = $0092 ; G zx_crt
__ULAP_COLOR_HTML_Grey          = $0092 ; G zx_crt
__ULAP_COLOR_MONO_GREY_2        = $0092 ; G zx_crt
__ULAP_COLOR_HTML_DarkGoldenRod = $0094 ; G zx_crt
__ULAP_COLOR_HTML_RosyBrown     = $0096 ; G zx_crt
__ESXDOS_BASE_FSYS              = $0098 ; G zx_crt
__ESXDOS_SYS_F_MOUNT            = $0098 ; G zx_crt
__ULAP_COLOR_HTML_Peru          = $0098 ; G zx_crt
__ESXDOS_SYS_F_UMOUNT           = $0099 ; G zx_crt
__ESXDOS_SYS_F_OPEN             = $009A ; G zx_crt
__ESXDOS_SYS_F_CLOSE            = $009B ; G zx_crt
__ESXDOS_SYS_F_SYNC             = $009C ; G zx_crt
__ULAP_COLOR_G1_SANDYBROWN      = $009C ; G zx_crt
__ULAP_COLOR_HTML_DarkOrange    = $009C ; G zx_crt
__ESXDOS_SYS_F_READ             = $009D ; G zx_crt
__ULAP_COLOR_HTML_DarkSalmon    = $009D ; G zx_crt
__ULAP_COLOR_HTML_Salmon        = $009D ; G zx_crt
__ULAP_COLOR_STD_ORANGE         = $009D ; G zx_crt
__ESXDOS_SYS_F_WRITE            = $009E ; G zx_crt
__ULAP_COLOR_HTML_LightCoral    = $009E ; G zx_crt
__ESXDOS_SYS_F_SEEK             = $009F ; G zx_crt
__ULAP_COLOR_HTML_Violet        = $009F ; G zx_crt
__ESXDOS_SYS_F_FGETPOS          = $00A0 ; G zx_crt
__ULAP_COLOR_G1_GREEN           = $00A0 ; G zx_crt
__ULAP_COLOR_GREEN_5            = $00A0 ; G zx_crt
__ESXDOS_SYS_F_FSTAT            = $00A1 ; G zx_crt
__ESXDOS_SYS_F_FTRUNCATE        = $00A2 ; G zx_crt
__ESXDOS_SYS_F_OPENDIR          = $00A3 ; G zx_crt
__ULAP_COLOR_HTML_DeepSkyBlue   = $00A3 ; G zx_crt
__ESXDOS_SYS_F_READDIR          = $00A4 ; G zx_crt
__ESXDOS_SYS_F_TELLDIR          = $00A5 ; G zx_crt
__ULAP_COLOR_HTML_MediumSeaGreen = $00A5 ; G zx_crt
__ESXDOS_SYS_F_SEEKDIR          = $00A6 ; G zx_crt
__ULAP_COLOR_HTML_LightSeaGreen = $00A6 ; G zx_crt
__ESXDOS_SYS_F_REWINDDIR        = $00A7 ; G zx_crt
__ESXDOS_SYS_F_GETCWD           = $00A8 ; G zx_crt
__ESXDOS_SYS_F_CHDIR            = $00A9 ; G zx_crt
__ESXDOS_SYS_F_MKDIR            = $00AA ; G zx_crt
__ESXDOS_SYS_F_RMDIR            = $00AB ; G zx_crt
__ESXDOS_SYS_F_STAT             = $00AC ; G zx_crt
__ESXDOS_SYS_F_UNLINK           = $00AD ; G zx_crt
__ULAP_COLOR_C64_GREEN          = $00AD ; G zx_crt
__ESXDOS_SYS_F_TRUNCATE         = $00AE ; G zx_crt
__ESXDOS_SYS_F_CHMOD            = $00AF ; G zx_crt
__ULAP_COLOR_C64_CYAN           = $00AF ; G zx_crt
__ESXDOS_SYS_F_RENAME           = $00B0 ; G zx_crt
__ESXDOS_SYS_F_GETFREE          = $00B1 ; G zx_crt
__ULAP_COLOR_HTML_DarkSeaGreen  = $00B2 ; G zx_crt
__ULAP_COLOR_HTML_DarkKhaki     = $00B5 ; G zx_crt
__ULAP_COLOR_C64_GREY3          = $00B6 ; G zx_crt
__ULAP_COLOR_G1_SILVER          = $00B6 ; G zx_crt
__ULAP_COLOR_HTML_DarkGray      = $00B6 ; G zx_crt
__ULAP_COLOR_HTML_DarkGrey      = $00B6 ; G zx_crt
__ULAP_COLOR_HTML_GoldenRod     = $00B8 ; G zx_crt
__ULAP_COLOR_HTML_BurlyWood     = $00BA ; G zx_crt
__ULAP_COLOR_HTML_Tan           = $00BA ; G zx_crt
__ULAP_COLOR_HTML_Plum          = $00BB ; G zx_crt
__ULAP_COLOR_HTML_Thistle       = $00BB ; G zx_crt
__ULAP_COLOR_HTML_Orange        = $00BC ; G zx_crt
__ULAP_COLOR_HTML_LightSalmon   = $00BD ; G zx_crt
__ULAP_COLOR_HTML_SandyBrown    = $00BD ; G zx_crt
__ULAP_COLOR_HTML_LightPink     = $00BF ; G zx_crt
__ULAP_COLOR_GREEN_6            = $00C0 ; G zx_crt
__ULAP_COLOR_ZX_GREEN           = $00C0 ; G zx_crt
__ULAP_COLOR_HTML_DarkTurquoise = $00C3 ; G zx_crt
__ULAP_COLOR_ZX_CYAN            = $00C3 ; G zx_crt
__ULAP_COLOR_HTML_LimeGreen     = $00C4 ; G zx_crt
__ULAP_COLOR_HTML_MediumTurquoise = $00CB ; G zx_crt
__ULAP_COLOR_HTML_MediumAquaMarine = $00CE ; G zx_crt
__ULAP_COLOR_HTML_YellowGreen   = $00D0 ; G zx_crt
__ULAP_COLOR_G1_SKYBLUE         = $00D3 ; G zx_crt
__ULAP_COLOR_HTML_LightSkyBlue  = $00D3 ; G zx_crt
__ULAP_COLOR_HTML_SkyBlue       = $00D3 ; G zx_crt
__ULAP_COLOR_HTML_LightBlue     = $00D7 ; G zx_crt
__ULAP_COLOR_HTML_LightSteelBlue = $00D7 ; G zx_crt
__ULAP_COLOR_ZX_YELLOW          = $00D8 ; G zx_crt
__ULAP_COLOR_C64_YELLOW         = $00D9 ; G zx_crt
__ULAP_COLOR_HTML_Gainsboro     = $00DB ; G zx_crt
__ULAP_COLOR_HTML_LightGray     = $00DB ; G zx_crt
__ULAP_COLOR_HTML_LightGrey     = $00DB ; G zx_crt
__ULAP_COLOR_HTML_Silver        = $00DB ; G zx_crt
__ULAP_COLOR_STD_BRIGHT_BLUE    = $00DB ; G zx_crt
__ULAP_COLOR_ZX_WHITE           = $00DB ; G zx_crt
__ULAP_COLOR_HTML_Gold          = $00DC ; G zx_crt
__ULAP_COLOR_STD_BRIGHT_YELLOW  = $00DD ; G zx_crt
__ULAP_COLOR_HTML_NavajoWhite   = $00DE ; G zx_crt
__ULAP_COLOR_HTML_PeachPuff     = $00DE ; G zx_crt
__ULAP_COLOR_HTML_Wheat         = $00DE ; G zx_crt
__ULAP_COLOR_HTML_Pink          = $00DF ; G zx_crt
__ULAP_COLOR_GREEN_7            = $00E0 ; G zx_crt
__ULAP_COLOR_HTML_Lime          = $00E0 ; G zx_crt
__ULAP_COLOR_RB_GREEN           = $00E0 ; G zx_crt
__ULAP_COLOR_STD_GREEN          = $00E0 ; G zx_crt
__ULAP_COLOR_ZX_BRIGHT_GREEN    = $00E0 ; G zx_crt
__ULAP_COLOR_HTML_SpringGreen   = $00E1 ; G zx_crt
__ULAP_COLOR_HTML_MediumSpringGreen = $00E2 ; G zx_crt
__ULAP_COLOR_HTML_Aqua          = $00E3 ; G zx_crt
__ULAP_COLOR_HTML_Cyan          = $00E3 ; G zx_crt
__ULAP_COLOR_STD_CYAN           = $00E3 ; G zx_crt
__ULAP_COLOR_ZX_BRIGHT_CYAN     = $00E3 ; G zx_crt
__SOUND_BIT_WRITE_MASK          = $00E8 ; L asm_bit_close
__SOUND_BIT_WRITE_MASK          = $00E8 ; G zx_crt
__ULAP_COLOR_HTML_Turquoise     = $00EB ; G zx_crt
__ULAP_COLOR_HTML_Chartreuse    = $00EC ; G zx_crt
__ULAP_COLOR_HTML_LawnGreen     = $00EC ; G zx_crt
__ULAP_COLOR_HTML_Aquamarine    = $00EF ; G zx_crt
__ULAP_COLOR_G1_GREENYELLOW     = $00F0 ; G zx_crt
__ULAP_COLOR_HTML_LightGreen    = $00F2 ; G zx_crt
__ULAP_COLOR_HTML_PaleGreen     = $00F2 ; G zx_crt
__ULAP_COLOR_STD_BRIGHT_GREEN   = $00F2 ; G zx_crt
__ULAP_COLOR_HTML_GreenYellow   = $00F4 ; G zx_crt
__ULAP_COLOR_C64_LIGHTGREEN     = $00F6 ; G zx_crt
__ULAP_COLOR_HTML_PaleTurquoise = $00F7 ; G zx_crt
__ULAP_COLOR_HTML_PowderBlue    = $00F7 ; G zx_crt
__ULAP_COLOR_HTML_Yellow        = $00FC ; G zx_crt
__ULAP_COLOR_RB_YELLOW          = $00FC ; G zx_crt
__ULAP_COLOR_STD_YELLOW         = $00FC ; G zx_crt
__ULAP_COLOR_ZX_BRIGHT_YELLOW   = $00FC ; G zx_crt
__ULAP_COLOR_G1_KHAKI           = $00FD ; G zx_crt
__SOUND_BIT_PORT                = $00FE ; L asm_bit_beep_raw
__SOUND_BIT_PORT                = $00FE ; G zx_crt
__ULAP_COLOR_HTML_Khaki         = $00FE ; G zx_crt
__ULAP_COLOR_HTML_Moccasin      = $00FE ; G zx_crt
__ULAP_COLOR_HTML_PaleGoldenRod = $00FE ; G zx_crt
__ULAP_COLOR_C64_WHITE          = $00FF ; G zx_crt
__ULAP_COLOR_G1_WHITE           = $00FF ; G zx_crt
__ULAP_COLOR_HTML_AliceBlue     = $00FF ; G zx_crt
__ULAP_COLOR_HTML_AntiqueWhite  = $00FF ; G zx_crt
__ULAP_COLOR_HTML_Azure         = $00FF ; G zx_crt
__ULAP_COLOR_HTML_Beige         = $00FF ; G zx_crt
__ULAP_COLOR_HTML_Bisque        = $00FF ; G zx_crt
__ULAP_COLOR_HTML_BlanchedAlmond = $00FF ; G zx_crt
__ULAP_COLOR_HTML_Cornsilk      = $00FF ; G zx_crt
__ULAP_COLOR_HTML_FloralWhite   = $00FF ; G zx_crt
__ULAP_COLOR_HTML_GhostWhite    = $00FF ; G zx_crt
__ULAP_COLOR_HTML_HoneyDew      = $00FF ; G zx_crt
__ULAP_COLOR_HTML_Ivory         = $00FF ; G zx_crt
__ULAP_COLOR_HTML_Lavender      = $00FF ; G zx_crt
__ULAP_COLOR_HTML_LavenderBlush = $00FF ; G zx_crt
__ULAP_COLOR_HTML_LemonChiffon  = $00FF ; G zx_crt
__ULAP_COLOR_HTML_LightCyan     = $00FF ; G zx_crt
__ULAP_COLOR_HTML_LightGoldenRodYellow = $00FF ; G zx_crt
__ULAP_COLOR_HTML_LightYellow   = $00FF ; G zx_crt
__ULAP_COLOR_HTML_Linen         = $00FF ; G zx_crt
__ULAP_COLOR_HTML_MintCream     = $00FF ; G zx_crt
__ULAP_COLOR_HTML_MistyRose     = $00FF ; G zx_crt
__ULAP_COLOR_HTML_OldLace       = $00FF ; G zx_crt
__ULAP_COLOR_HTML_PapayaWhip    = $00FF ; G zx_crt
__ULAP_COLOR_HTML_SeaShell      = $00FF ; G zx_crt
__ULAP_COLOR_HTML_Snow          = $00FF ; G zx_crt
__ULAP_COLOR_HTML_White         = $00FF ; G zx_crt
__ULAP_COLOR_HTML_WhiteSmoke    = $00FF ; G zx_crt
__ULAP_COLOR_MONO_GREY_3        = $00FF ; G zx_crt
__ULAP_COLOR_MONO_WHITE         = $00FF ; G zx_crt
__ULAP_COLOR_STD_WHITE          = $00FF ; G zx_crt
__ULAP_COLOR_ZX_BRIGHT_WHITE    = $00FF ; G zx_crt
TAR__clib_stdio_heap_size       = $0100 ; L zx_crt
__CLIB_OPT_PRINTF_B             = $0100 ; G zx_crt
__CLIB_OPT_SCANF_B              = $0100 ; G zx_crt
IOCTL_OTERM_CLS                 = $0102 ; G zx_crt
__code_input_size               = $0127 ; G 
__bss_compiler_size             = $0195 ; G 
TAR__crt_stack_size             = $0200 ; L zx_crt
__CLIB_OPT_PRINTF_s             = $0200 ; G zx_crt
__CLIB_OPT_SCANF_s              = $0200 ; G zx_crt
IOCTL_ITERM_TIE                 = $0201 ; G zx_crt
IOCTL_OTERM_RESET_SCROLL        = $0202 ; G zx_crt
__code_user_size                = $0237 ; G 
__data_compiler_size            = $0281 ; G 
__FONT_size                     = $0300 ; G 
IOCTL_ITERM_SET_EDITBUF         = $0301 ; G zx_crt
IOCTL_OTERM_SET_WINDOW_COORD    = $0302 ; G zx_crt
IOCTL_ITERM_GET_EDITBUF         = $0381 ; G zx_crt
IOCTL_OTERM_GET_WINDOW_COORD    = $0382 ; G zx_crt
__CLIB_OPT_PRINTF_c             = $0400 ; G zx_crt
__CLIB_OPT_SCANF_c              = $0400 ; G zx_crt
IOCTL_OTERM_SET_WINDOW_RECT     = $0402 ; G zx_crt
IOCTL_OTERM_GET_WINDOW_RECT     = $0482 ; G zx_crt
IOCTL_OTERM_SET_CURSOR_COORD    = $0502 ; G zx_crt
IOCTL_OTERM_GET_CURSOR_COORD    = $0582 ; G zx_crt
IOCTL_OTERM_GET_OTERM           = $0602 ; G zx_crt
__NIRVANAP_HOLE_SIZE            = $0668 ; G zx_crt
IOCTL_OTERM_SCROLL              = $0702 ; G zx_crt
__Z88DK                         = $07C8 ; G zx_crt
__CLIB_OPT_PRINTF_I             = $0800 ; G zx_crt
__CLIB_OPT_SCANF_I              = $0800 ; G zx_crt
IOCTL_OTERM_FONT                = $0802 ; G zx_crt
IOCTL_OTERM_FZX_SET_PAPER_COORD = $0A02 ; G zx_crt
IOCTL_OTERM_FZX_GET_PAPER_COORD = $0A82 ; G zx_crt
IOCTL_OTERM_FZX_SET_PAPER_RECT  = $0B02 ; G zx_crt
IOCTL_OTERM_FZX_GET_PAPER_RECT  = $0B82 ; G zx_crt
IOCTL_OTERM_FZX_LEFT_MARGIN     = $0C02 ; G zx_crt
IOCTL_OTERM_FZX_LINE_SPACING    = $0D02 ; G zx_crt
IOCTL_OTERM_FZX_SPACE_EXPAND    = $0E02 ; G zx_crt
IOCTL_OTERM_FZX_SET_FZX_STATE   = $0F02 ; G zx_crt
IOCTL_OTERM_FZX_GET_FZX_STATE   = $0F82 ; G zx_crt
__CLIB_OPT_PRINTF_ld            = $1000 ; G zx_crt
__CLIB_OPT_SCANF_ld             = $1000 ; G zx_crt
IOCTL_ITERM_SET_DELAY           = $1001 ; G zx_crt
IOCTL_OTERM_FCOLOR              = $1002 ; G zx_crt
IOCTL_ITERM_GET_DELAY           = $1081 ; G zx_crt
IOCTL_ITERM_LASTK               = $1101 ; G zx_crt
IOCTL_OTERM_FMASK               = $1102 ; G zx_crt
IOCTL_OTERM_BCOLOR              = $1202 ; G zx_crt
__BANK_06_size                  = $1923 ; G 
__code_compiler_size            = $1D7A ; G 
__CLIB_OPT_PRINTF_lu            = $2000 ; G zx_crt
__CLIB_OPT_SCANF_lu             = $2000 ; G zx_crt
__NIRVANAP_size                 = $235F ; G 
__rodata_user_size              = $2880 ; G 
__NIRVANAM_CHAR_TABLE           = $3C00 ; G zx_crt
__NIRVANAP_CHAR_TABLE           = $3C00 ; L NIRVANAP_ENGINE
__NIRVANAP_CHAR_TABLE           = $3C00 ; G zx_crt
__CLIB_OPT_PRINTF_lx            = $4000 ; G zx_crt
__CLIB_OPT_SCANF_lx             = $4000 ; G zx_crt
__MCLOAD_head                   = $4000 ; G 
mini_loader                     = $4000 ; G game_loader
__MCLOAD_tail                   = $4020 ; G 
__LOADER_head                   = $5B00 ; G 
__LOADER_CODE_head              = $5B03 ; G 
__LOADER_tail                   = $5B03 ; G 
__code_compress_zx7_head        = $5B03 ; G 
__code_compress_zx7_tail        = $5B03 ; G 
game_loader                     = $5B03 ; G game_loader
__LOADER_CODE_tail              = $5B74 ; G 
CRT_ORG_CODE                    = $5C00 ; L zx_crt
__CODE_head                     = $5C00 ; G 
__CODE_tail                     = $5C00 ; G 
__Restart                       = $5C00 ; L zx_crt
__Restart_2                     = $5C00 ; L zx_crt
__Start                         = $5C00 ; G zx_crt
__code_crt_init_head            = $5C00 ; G 
__code_crt_init_tail            = $5C00 ; G 
__code_crt_main_head            = $5C00 ; G 
__crt_org_code                  = $5C00 ; L zx_crt
__Exit                          = $5C03 ; G zx_crt
__code_crt_exit_head            = $5C04 ; G 
__code_crt_exit_tail            = $5C04 ; G 
__code_crt_main_tail            = $5C04 ; G 
__code_crt_return_head          = $5C04 ; G 
__code_crt_common_head          = $5C06 ; G 
__code_crt_return_tail          = $5C06 ; G 
_zx_isr                         = $5C06 ; G game_zx
_zx_enable_bank_00              = $5C41 ; G game_zx
_zx_enable_bank_06              = $5C45 ; G game_zx
__FONT_head                     = $5C4D ; G 
__code_crt_common_tail          = $5C4D ; G 
_game_font                      = $5C4D ; G font
__FONT_tail                     = $5F4D ; G 
__code_adt_b_array_head         = $5F4D ; G 
__code_adt_b_array_tail         = $5F4D ; G 
__code_adt_b_vector_head        = $5F4D ; G 
__code_adt_b_vector_tail        = $5F4D ; G 
__code_adt_ba_priority_queue_head = $5F4D ; G 
__code_adt_ba_priority_queue_tail = $5F4D ; G 
__code_adt_ba_stack_head        = $5F4D ; G 
__code_adt_ba_stack_tail        = $5F4D ; G 
__code_adt_bv_priority_queue_head = $5F4D ; G 
__code_adt_bv_priority_queue_tail = $5F4D ; G 
__code_adt_bv_stack_head        = $5F4D ; G 
__code_adt_bv_stack_tail        = $5F4D ; G 
__code_adt_p_forward_list_alt_head = $5F4D ; G 
__code_adt_p_forward_list_alt_tail = $5F4D ; G 
__code_adt_p_forward_list_head  = $5F4D ; G 
__code_adt_p_forward_list_tail  = $5F4D ; G 
__code_adt_p_list_head          = $5F4D ; G 
__code_adt_p_list_tail          = $5F4D ; G 
__code_adt_p_queue_head         = $5F4D ; G 
__code_adt_p_queue_tail         = $5F4D ; G 
__code_adt_p_stack_head         = $5F4D ; G 
__code_adt_p_stack_tail         = $5F4D ; G 
__code_adt_w_array_head         = $5F4D ; G 
__code_adt_w_array_tail         = $5F4D ; G 
__code_adt_w_vector_head        = $5F4D ; G 
__code_adt_w_vector_tail        = $5F4D ; G 
__code_adt_wa_priority_queue_head = $5F4D ; G 
__code_adt_wa_priority_queue_tail = $5F4D ; G 
__code_adt_wa_stack_head        = $5F4D ; G 
__code_adt_wa_stack_tail        = $5F4D ; G 
__code_adt_wv_priority_queue_head = $5F4D ; G 
__code_adt_wv_priority_queue_tail = $5F4D ; G 
__code_adt_wv_stack_head        = $5F4D ; G 
__code_adt_wv_stack_tail        = $5F4D ; G 
__code_alloc_balloc_head        = $5F4D ; G 
__code_alloc_balloc_tail        = $5F4D ; G 
__code_alloc_malloc_head        = $5F4D ; G 
__code_alloc_malloc_tail        = $5F4D ; G 
__code_alloc_obstack_head       = $5F4D ; G 
__code_alloc_obstack_tail       = $5F4D ; G 
__code_arch_head                = $5F4D ; G 
__code_clib_head                = $5F4D ; G 
__code_clib_tail                = $5F4D ; G 
__code_driver_head              = $5F4D ; G 
__code_driver_tail              = $5F4D ; G 
__code_font_head                = $5F4D ; G 
__code_font_tail                = $5F4D ; G 
asm_zx_cxy2saddr                = $5F4D ; G asm_zx_cxy2saddr
asm_zx_saddr2aaddr              = $5F5C ; G asm_zx_saddr2aaddr
_zx_border_fastcall             = $5F66 ; G zx_border_fastcall
asm_zx_border                   = $5F66 ; G asm_zx_border
_zx_cls_fastcall                = $5F76 ; G zx_cls_fastcall
asm_zx_cls                      = $5F76 ; G asm_zx_cls
asm_zx_cls_attr                 = $5F80 ; G asm_zx_cls_attr
asm_zx_cls_pix                  = $5F8E ; G asm_zx_cls_pix
__code_arch_tail                = $5F9C ; G 
__code_bifrost2_head            = $5F9C ; G 
__code_bifrost2_tail            = $5F9C ; G 
__code_bifrost_h_head           = $5F9C ; G 
__code_bifrost_h_tail           = $5F9C ; G 
__code_bifrost_l_head           = $5F9C ; G 
__code_bifrost_l_tail           = $5F9C ; G 
__code_compress_aplib_head      = $5F9C ; G 
__code_compress_aplib_tail      = $5F9C ; G 
__code_ctype_head               = $5F9C ; G 
__code_ctype_tail               = $5F9C ; G 
__code_driver_character_input_head = $5F9C ; G 
__code_driver_character_input_tail = $5F9C ; G 
__code_driver_character_output_head = $5F9C ; G 
__code_driver_character_output_tail = $5F9C ; G 
__code_driver_general_head      = $5F9C ; G 
__code_driver_general_tail      = $5F9C ; G 
__code_driver_memstream_head    = $5F9C ; G 
__code_driver_memstream_tail    = $5F9C ; G 
__code_driver_terminal_input_head = $5F9C ; G 
__code_driver_terminal_input_tail = $5F9C ; G 
__code_driver_terminal_output_head = $5F9C ; G 
__code_driver_terminal_output_tail = $5F9C ; G 
__code_driver_tty_head          = $5F9C ; G 
__code_driver_tty_tail          = $5F9C ; G 
__code_error_head               = $5F9C ; G 
__ch_system                     = $5FA0 ; G zx_crt
error_zc                        = $5FA0 ; G error_zc
error_znc                       = $5FA8 ; G error_znc
error_divide_by_zero_mc         = $5FB1 ; G error_divide_by_zero_mc
error_edom_mc                   = $5FB1 ; G error_edom_mc
errno_mc                        = $5FB3 ; G errno_mc
error_mc                        = $5FBE ; G error_mc
__code_error_tail               = $5FC3 ; G 
__code_esxdos_head              = $5FC3 ; G 
__code_esxdos_tail              = $5FC3 ; G 
__code_fcntl_head               = $5FC3 ; G 
__code_fcntl_tail               = $5FC3 ; G 
__code_font_fzx_head            = $5FC3 ; G 
__code_font_fzx_tail            = $5FC3 ; G 
__code_fp_genmath_head          = $5FC3 ; G 
__code_fp_genmath_tail          = $5FC3 ; G 
__code_fp_math48_head           = $5FC3 ; G 
__code_fp_math48_tail           = $5FC3 ; G 
__code_im2_head                 = $5FC3 ; G 
__code_im2_tail                 = $5FC3 ; G 
__code_input_head               = $5FC3 ; G 
_in_stick_keyboard              = $5FC3 ; G in_stick_keyboard
_in_test_key                    = $5FCA ; G in_test_key
_in_stick_cursor                = $5FD4 ; G in_stick_cursor
asm_in_stick_cursor             = $5FD4 ; G asm_in_stick_cursor
table                           = $5FEF ; L asm_in_stick_cursor
_in_stick_fuller                = $600F ; G in_stick_fuller
asm_in_stick_fuller             = $600F ; G asm_in_stick_fuller
_in_stick_kempston              = $6018 ; G in_stick_kempston
asm_in_stick_kempston           = $6018 ; G asm_in_stick_kempston
table                           = $6026 ; L asm_in_stick_kempston
asm_in_stick_keyboard           = $6046 ; G asm_in_stick_keyboard
fire                            = $6049 ; L asm_in_stick_keyboard
right                           = $6053 ; L asm_in_stick_keyboard
left                            = $605D ; L asm_in_stick_keyboard
down                            = $6067 ; L asm_in_stick_keyboard
up                              = $6071 ; L asm_in_stick_keyboard
exit                            = $607A ; L asm_in_stick_keyboard
_in_stick_sinclair1             = $607C ; G in_stick_sinclair1
asm_in_stick_sinclair1          = $607C ; G asm_in_stick_sinclair1
table                           = $608C ; L asm_in_stick_sinclair1
_in_stick_sinclair2             = $60AC ; G in_stick_sinclair2
asm_in_stick_sinclair2          = $60AC ; G asm_in_stick_sinclair2
table                           = $60BC ; L asm_in_stick_sinclair2
asm_in_test_key                 = $60DC ; G asm_in_test_key
_in_wait_nokey                  = $60E4 ; G in_wait_nokey
asm_in_wait_nokey               = $60E4 ; G asm_in_wait_nokey
__code_input_tail               = $60EA ; G 
__code_inttypes_head            = $60EA ; G 
__code_inttypes_tail            = $60EA ; G 
__code_l_head                   = $60EA ; G 
__thread_block_timeout          = $60EB ; G zx_crt
__thread_context_switch         = $60EB ; G zx_crt
__thread_unblock                = $60EB ; G zx_crt
_test_proc                      = $60EB ; G game_c
l_ret                           = $60EB ; G l_ret
l_small_utoa                    = $60EC ; G l_small_utoa
l_utoa_lib                      = $60FF ; G l_small_utoa
no_leading_zeroes               = $6101 ; L l_small_utoa
leading_zeroes                  = $610D ; L l_small_utoa
write                           = $6110 ; L l_small_utoa
write1s                         = $6115 ; L l_small_utoa
divide                          = $611B ; L l_small_utoa
divloop                         = $611D ; L l_small_utoa
___sdcc_call_hl                 = $6124 ; G ___sdcc_call_hl
l_jphl                          = $6124 ; G l_jphl
l_neg_de                        = $6125 ; G l_neg_de
l_neg_hl                        = $612D ; G l_neg_hl
___sdcc_enter_ix                = $6135 ; G ___sdcc_enter_ix
__code_l_sccz80_head            = $6135 ; G 
__code_l_sccz80_tail            = $6135 ; G 
__code_l_sdcc_head              = $6135 ; G 
__code_l_tail                   = $6135 ; G 
__divsint_callee                = $6140 ; G __divsint_callee
__code_l_sdcc_tail              = $6147 ; G 
__code_locale_head              = $6147 ; G 
__code_locale_tail              = $6147 ; G 
__code_math_head                = $6147 ; G 
l_divs_16_16x16                 = $6148 ; G l_divs_16_16x16
l_small_divs_16_16x16           = $6148 ; G l_small_divs_16_16x16
l0_divs_16_16x16                = $614C ; G l_divs_16_16x16
l0_small_divs_16_16x16          = $614C ; G l_small_divs_16_16x16
divide_by_zero                  = $6168 ; L l_small_divs_16_16x16
l_small_divu_16_16x16           = $6174 ; G l_small_divu_16_16x16
l0_small_divu_16_16x16          = $6178 ; G l_small_divu_16_16x16
divisor_sixteen_bit             = $617C ; L l_small_divu_16_16x16
loop_16_0                       = $6182 ; L l_small_divu_16_16x16
loop_16_1                       = $618A ; L l_small_divu_16_16x16
l_small_divu_16_16x8            = $6194 ; G l_small_divu_16_16x16
l0_small_divu_16_16x8           = $6198 ; G l_small_divu_16_16x16
loop_8_0                        = $619C ; L l_small_divu_16_16x16
loop_8_2                        = $61A3 ; L l_small_divu_16_16x16
loop_8_1                        = $61A5 ; L l_small_divu_16_16x16
divide_zero                     = $61AA ; L l_small_divu_16_16x16
_NIRVANAP_drawT_callee          = $61AE ; G NIRVANAP_drawT_callee
__code_math_tail                = $61AE ; G 
__code_network_head             = $61AE ; G 
__code_network_tail             = $61AE ; G 
__code_nirvanam_head            = $61AE ; G 
__code_nirvanam_tail            = $61AE ; G 
__code_nirvanap_head            = $61AE ; G 
asm_NIRVANAP_drawT_di           = $61B7 ; G asm_NIRVANAP_drawT_di
_NIRVANAP_drawT_raw_callee      = $61BD ; G NIRVANAP_drawT_raw_callee
_NIRVANAP_fillC_callee          = $61C6 ; G NIRVANAP_fillC_callee
_NIRVANAP_fillT_callee          = $61CF ; G NIRVANAP_fillT_callee
asm_NIRVANAP_fillT_di           = $61D8 ; G asm_NIRVANAP_fillT_di
_NIRVANAP_fillT_raw_callee      = $61DE ; G NIRVANAP_fillT_raw_callee
_NIRVANAP_paintC_callee         = $61E7 ; G NIRVANAP_paintC_callee
_NIRVANAP_spriteT_callee        = $61EF ; G NIRVANAP_spriteT_callee
asm_NIRVANAP_spriteT            = $61FB ; G asm_NIRVANAP_spriteT
__code_PSGlib_head              = $6209 ; G 
__code_PSGlib_tail              = $6209 ; G 
__code_SMSlib_head              = $6209 ; G 
__code_SMSlib_tail              = $6209 ; G 
__code_nirvanap_tail            = $6209 ; G 
__code_setjmp_head              = $6209 ; G 
__code_setjmp_tail              = $6209 ; G 
__code_stdio_head               = $6209 ; G 
__code_stdio_tail               = $6209 ; G 
__code_stdlib_head              = $6209 ; G 
_abs_fastcall                   = $6209 ; G abs_fastcall
asm_abs                         = $6209 ; G asm_abs
_srand_fastcall                 = $620F ; G srand_fastcall
asm_srand                       = $620F ; G asm_srand
seed_ok                         = $6214 ; L asm_srand
__code_stdlib_tail              = $621B ; G 
__code_string_head              = $621B ; G 
__code_string_tail              = $621B ; G 
__code_temp_sp1_head            = $621B ; G 
__code_temp_sp1_tail            = $621B ; G 
__code_threads_head             = $621B ; G 
__code_threads_mutex_head       = $621B ; G 
__code_threads_mutex_tail       = $621B ; G 
__code_threads_tail             = $621B ; G 
__code_z180_head                = $621B ; G 
__code_z180_tail                = $621B ; G 
__code_z80_head                 = $621B ; G 
_z80_delay_ms_fastcall          = $621B ; G z80_delay_ms_fastcall
asm_cpu_delay_ms                = $621B ; G asm_z80_delay_ms
asm_z80_delay_ms                = $621B ; G asm_z80_delay_ms
ms_loop                         = $621D ; L asm_z80_delay_ms
last_ms                         = $622A ; L asm_z80_delay_ms
asm_cpu_delay_tstate            = $6230 ; G asm_z80_delay_tstate
asm_z80_delay_tstate            = $6230 ; G asm_z80_delay_tstate
loop                            = $6237 ; L asm_z80_delay_tstate
g0                              = $6245 ; L asm_z80_delay_tstate
g1                              = $6246 ; L asm_z80_delay_tstate
b0                              = $624A ; L asm_z80_delay_tstate
b1                              = $624F ; L asm_z80_delay_tstate
__code_compiler_head            = $6252 ; G 
__code_lib_head                 = $6252 ; G 
__code_lib_tail                 = $6252 ; G 
__code_z80_tail                 = $6252 ; G 
_main                           = $6252 ; G game_c
l_main_00110                    = $6286 ; L game_c
l_main_00111                    = $6288 ; L game_c
l_main_00104                    = $62CD ; L game_c
l_main_00101                    = $62DC ; L game_c
l_main_00106                    = $6316 ; L game_c
_test_func                      = $6340 ; G game_c
_enemy_turn                     = $6343 ; G game_enemies_c
l_enemy_turn_00107              = $6348 ; L game_enemies_c
l_enemy_turn_00108              = $63D0 ; L game_enemies_c
_enemy_move                     = $63DC ; G game_enemies_c
l_enemy_move_00101              = $63FC ; L game_enemies_c
l_enemy_move_00102              = $6401 ; L game_enemies_c
l_enemy_move_00103              = $6406 ; L game_enemies_c
l_enemy_move_00104              = $640B ; L game_enemies_c
l_enemy_move_00105              = $6410 ; L game_enemies_c
l_enemy_move_00107              = $6413 ; L game_enemies_c
_enemy_walk                     = $6414 ; G game_enemies_c
l_enemy_walk_00102              = $6425 ; L game_enemies_c
l_enemy_walk_00104              = $6455 ; L game_enemies_c
l_enemy_walk_00105              = $6467 ; L game_enemies_c
l_enemy_walk_00113              = $646C ; L game_enemies_c
l_enemy_walk_00115              = $6477 ; L game_enemies_c
_enemy_avoid_edge               = $6478 ; G game_enemies_c
l_enemy_avoid_edge_00102        = $64A4 ; L game_enemies_c
l_enemy_avoid_edge_00103        = $64C6 ; L game_enemies_c
_enemy_init                     = $64D2 ; G game_enemies_c
l_enemy_init_00102              = $6542 ; L game_enemies_c
l_enemy_init_00104              = $6552 ; L game_enemies_c
l_enemy_init_00107              = $659A ; L game_enemies_c
_enemy_kill                     = $659D ; G game_enemies_c
_game_print_footer              = $65A4 ; G game_engine_c
_game_phase_print_score_back    = $65F4 ; G game_engine_c
_game_print_lives               = $6615 ; G game_engine_c
_game_tick                      = $6631 ; G game_engine_c
_game_start_timer               = $663D ; G game_engine_c
_game_phase_init                = $664A ; G game_engine_c
_game_print_header              = $669D ; G game_engine_c
_game_loop                      = $66A8 ; G game_engine_c
l_game_loop_00112               = $66E0 ; L game_engine_c
l_game_loop_00102               = $6700 ; L game_engine_c
l_game_loop_00104               = $6733 ; L game_engine_c
l_game_loop_00106               = $6746 ; L game_engine_c
l_game_loop_00111               = $674F ; L game_engine_c
l_game_loop_00115               = $675A ; L game_engine_c
_game_print_phase               = $675B ; G game_engine_c
_game_check_maze                = $6775 ; G game_engine_c
_game_check_maze_floor          = $6783 ; G game_engine_c
_game_enemy_add_get_index       = $6791 ; G game_engine_c
l_game_enemy_add_get_index_00104 = $6797 ; L game_engine_c
l_game_enemy_add_get_index_00105 = $67A9 ; L game_engine_c
l_game_enemy_add_get_index_00106 = $67B4 ; L game_engine_c
_game_print_score               = $67B5 ; G game_engine_c
_game_paint_attrib              = $67D6 ; G game_engine_c
l_game_paint_attrib_00103       = $67DA ; L game_engine_c
_game_paint_attrib_lin          = $67FA ; G game_engine_c
l_game_paint_attrib_lin_00103   = $6803 ; L game_engine_c
l_game_paint_attrib_lin_00105   = $681E ; L game_engine_c
_game_paint_attrib_lin_h        = $6821 ; G game_engine_c
l_game_paint_attrib_lin_h_00103 = $682A ; L game_engine_c
l_game_paint_attrib_lin_h_00105 = $6845 ; L game_engine_c
_game_joystick_change           = $6848 ; G game_engine_c
l_game_joystick_change_00109    = $6850 ; L game_engine_c
_game_joystick_set_menu         = $6860 ; G game_engine_c
_game_joystick_set              = $6867 ; G game_engine_c
_game_rotate_attrib             = $6879 ; G game_engine_c
_game_colour_message            = $6895 ; G game_engine_c
l_game_colour_message_00107     = $68B7 ; L game_engine_c
l_game_colour_message_00103     = $68FC ; L game_engine_c
l_game_colour_message_00110     = $6912 ; L game_engine_c
_game_check_time                = $6916 ; G game_engine_c
l_game_check_time_00102         = $6934 ; L game_engine_c
l_game_check_time_00104         = $6936 ; L game_engine_c
_player_init                    = $6939 ; G game_player_c
_player_check_input             = $69F7 ; G game_player_c
l_player_check_input_00104      = $6A12 ; L game_player_c
l_player_check_input_00105      = $6A14 ; L game_player_c
_player_collision               = $6A15 ; G game_player_c
l_player_collision_00102        = $6A25 ; L game_player_c
l_player_collision_00104        = $6A37 ; L game_player_c
l_player_collision_00106        = $6A3F ; L game_player_c
l_player_collision_00110        = $6A49 ; L game_player_c
l_player_collision_00111        = $6A61 ; L game_player_c
l_player_collision_00112        = $6A6D ; L game_player_c
_player_kill                    = $6A6E ; G game_player_c
l_player_kill_00102             = $6AB4 ; L game_player_c
l_player_kill_00103             = $6ABF ; L game_player_c
l_player_kill_00105             = $6B24 ; L game_player_c
l_player_kill_00109             = $6B40 ; L game_player_c
_player_restart                 = $6B41 ; G game_player_c
_player_lost_life               = $6B8C ; G game_player_c
l_player_lost_life_00102        = $6B9E ; L game_player_c
l_player_lost_life_00103        = $6BA3 ; L game_player_c
_player_turn                    = $6BA4 ; G game_player_c
_player_move                    = $6BD9 ; G game_player_c
l_player_move_00105             = $6C24 ; L game_player_c
l_player_move_00106             = $6C4A ; L game_player_c
l_player_move_00104             = $6C80 ; L game_player_c
l_player_move_00107             = $6C83 ; L game_player_c
l_player_move_00110             = $6C8D ; L game_player_c
l_player_move_00112             = $6CAB ; L game_player_c
_player_move_input              = $6CBB ; G game_player_c
l_player_move_input_00102       = $6CD9 ; L game_player_c
l_player_move_input_00104       = $6CF6 ; L game_player_c
l_player_move_input_00105       = $6D01 ; L game_player_c
l_player_move_input_00107       = $6D65 ; L game_player_c
l_player_move_input_00109       = $6D91 ; L game_player_c
l_player_move_input_00111       = $6DBD ; L game_player_c
l_player_move_input_00113       = $6DEE ; L game_player_c
l_player_move_input_00114       = $6DF0 ; L game_player_c
_player_check_map               = $6DF1 ; G game_player_c
l_player_check_map_00102        = $6E20 ; L game_player_c
l_player_check_map_00108        = $6E2F ; L game_player_c
l_player_check_map_00105        = $6E3E ; L game_player_c
l_player_check_map_00110        = $6E59 ; L game_player_c
_player_pick_item               = $6E5A ; G game_player_c
_player_hit_platform            = $6EAC ; G game_player_c
l_player_hit_platform_00122     = $6EC8 ; L game_player_c
l_player_hit_platform_00178     = $6F30 ; L game_player_c
l_player_hit_platform_00123     = $6F39 ; L game_player_c
l_player_hit_platform_00179     = $6F6A ; L game_player_c
l_player_hit_platform_00117     = $6F90 ; L game_player_c
l_player_hit_platform_00108     = $6FAD ; L game_player_c
l_player_hit_platform_00114     = $6FB3 ; L game_player_c
l_player_hit_platform_00111     = $6FBF ; L game_player_c
l_player_hit_platform_00118     = $6FC3 ; L game_player_c
l_player_hit_platform_00120     = $6FCF ; L game_player_c
l_player_hit_platform_00124     = $6FD1 ; L game_player_c
_player_hit_platform_clear      = $6FD2 ; G game_player_c
_player_score_add               = $6FF6 ; G game_player_c
_player_check_floor             = $7016 ; G game_player_c
l_player_check_floor_00102      = $7051 ; L game_player_c
l_player_check_floor_00103      = $7057 ; L game_player_c
l_player_check_floor_00105      = $7062 ; L game_player_c
l_player_check_floor_00110      = $7070 ; L game_player_c
l_player_check_floor_00106      = $7079 ; L game_player_c
l_player_check_floor_00111      = $7089 ; L game_player_c
_spr_calc_index                 = $708D ; G game_sprite_c
_spr_check_map                  = $70AB ; G game_sprite_c
l_spr_check_map_00106           = $70C9 ; L game_sprite_c
l_spr_check_map_00102           = $70F1 ; L game_sprite_c
l_spr_check_map_00104           = $7101 ; L game_sprite_c
l_spr_check_map_00111           = $7110 ; L game_sprite_c
l_spr_check_map_00112           = $7112 ; L game_sprite_c
l_spr_check_map_00108           = $7114 ; L game_sprite_c
_spr_check_map_fall             = $7117 ; G game_sprite_c
l_spr_check_map_fall_00106      = $7135 ; L game_sprite_c
l_spr_check_map_fall_00102      = $715D ; L game_sprite_c
l_spr_check_map_fall_00104      = $716D ; L game_sprite_c
l_spr_check_map_fall_00111      = $717C ; L game_sprite_c
l_spr_check_map_fall_00112      = $717E ; L game_sprite_c
l_spr_check_map_fall_00108      = $7180 ; L game_sprite_c
_spr_chktime                    = $7183 ; G game_sprite_c
l_spr_chktime_00102             = $71AE ; L game_sprite_c
l_spr_chktime_00103             = $71B1 ; L game_sprite_c
l_spr_chktime_00105             = $71E1 ; L game_sprite_c
l_spr_chktime_00106             = $71E3 ; L game_sprite_c
_spr_move_jump                  = $71E7 ; G game_sprite_c
l_spr_move_jump_00155           = $7201 ; L game_sprite_c
l_spr_move_jump_00102           = $720A ; L game_sprite_c
l_spr_move_jump_00104           = $721F ; L game_sprite_c
l_spr_move_jump_00106           = $7238 ; L game_sprite_c
l_spr_move_jump_00108           = $724E ; L game_sprite_c
l_spr_move_jump_00110           = $728B ; L game_sprite_c
l_spr_move_jump_00112           = $729C ; L game_sprite_c
l_spr_move_jump_00119           = $72AB ; L game_sprite_c
l_spr_move_jump_00114           = $72D7 ; L game_sprite_c
l_spr_move_jump_00115           = $7303 ; L game_sprite_c
l_spr_move_jump_00120           = $7307 ; L game_sprite_c
l_spr_move_jump_00121           = $730C ; L game_sprite_c
_spr_move_up                    = $730D ; G game_sprite_c
l_spr_move_up_00133             = $7320 ; L game_sprite_c
l_spr_move_up_00134             = $7322 ; L game_sprite_c
l_spr_move_up_00102             = $7360 ; L game_sprite_c
l_spr_move_up_00107             = $7364 ; L game_sprite_c
l_spr_move_up_00108             = $7386 ; L game_sprite_c
l_spr_move_up_00109             = $739B ; L game_sprite_c
l_spr_move_up_00111             = $739D ; L game_sprite_c
_spr_move_down                  = $739E ; G game_sprite_c
l_spr_move_down_00115           = $73B1 ; L game_sprite_c
l_spr_move_down_00116           = $73B3 ; L game_sprite_c
l_spr_move_down_00102           = $73F1 ; L game_sprite_c
l_spr_move_down_00104           = $7409 ; L game_sprite_c
l_spr_move_down_00105           = $740B ; L game_sprite_c
_spr_move_horizontal            = $740C ; G game_sprite_c
l_spr_move_horizontal_00104     = $741F ; L game_sprite_c
l_spr_move_horizontal_00105     = $7428 ; L game_sprite_c
l_spr_move_horizontal_00106     = $742A ; L game_sprite_c
_spr_move_right                 = $742B ; G game_sprite_c
l_spr_move_right_00101          = $748F ; L game_sprite_c
l_spr_move_right_00105          = $74AD ; L game_sprite_c
l_spr_move_right_00145          = $74DC ; L game_sprite_c
l_spr_move_right_00107          = $74F3 ; L game_sprite_c
l_spr_move_right_00110          = $74F8 ; L game_sprite_c
l_spr_move_right_00115          = $7501 ; L game_sprite_c
l_spr_move_right_00116          = $7503 ; L game_sprite_c
_spr_move_left                  = $7504 ; G game_sprite_c
l_spr_move_left_00101           = $7565 ; L game_sprite_c
l_spr_move_left_00105           = $7580 ; L game_sprite_c
l_spr_move_left_00107           = $75D8 ; L game_sprite_c
l_spr_move_left_00110           = $75DC ; L game_sprite_c
l_spr_move_left_00115           = $75E4 ; L game_sprite_c
l_spr_move_left_00116           = $75E6 ; L game_sprite_c
_spr_page_right                 = $75E7 ; G game_sprite_c
l_spr_page_right_00102          = $75FE ; L game_sprite_c
l_spr_page_right_00103          = $7600 ; L game_sprite_c
_spr_page_left                  = $7601 ; G game_sprite_c
l_spr_page_left_00102           = $7613 ; L game_sprite_c
l_spr_page_left_00104           = $7625 ; L game_sprite_c
l_spr_page_left_00105           = $7627 ; L game_sprite_c
_spr_page_map                   = $7628 ; G game_sprite_c
l_spr_page_map_00123            = $7632 ; L game_sprite_c
l_spr_page_map_00167            = $764B ; L game_sprite_c
l_spr_page_map_00101            = $7663 ; L game_sprite_c
l_spr_page_map_00102            = $7678 ; L game_sprite_c
l_spr_page_map_00103            = $768C ; L game_sprite_c
l_spr_page_map_00104            = $76A0 ; L game_sprite_c
l_spr_page_map_00105            = $76B4 ; L game_sprite_c
l_spr_page_map_00106            = $76C8 ; L game_sprite_c
l_spr_page_map_00107            = $76DC ; L game_sprite_c
l_spr_page_map_00108            = $76F0 ; L game_sprite_c
l_spr_page_map_00109            = $7702 ; L game_sprite_c
l_spr_page_map_00114            = $771D ; L game_sprite_c
l_spr_page_map_00121            = $7728 ; L game_sprite_c
l_spr_page_map_00138            = $7742 ; L game_sprite_c
l_spr_page_map_00115            = $7746 ; L game_sprite_c
l_spr_page_map_00136            = $7754 ; L game_sprite_c
l_spr_page_map_00125            = $7756 ; L game_sprite_c
_spr_redraw                     = $777B ; G game_sprite_c
l_spr_redraw_00105              = $77BD ; L game_sprite_c
l_spr_redraw_00102              = $77D3 ; L game_sprite_c
l_spr_redraw_00106              = $77ED ; L game_sprite_c
l_spr_redraw_00107              = $780D ; L game_sprite_c
l_spr_redraw_00109              = $780F ; L game_sprite_c
_spr_destroy                    = $7810 ; G game_sprite_c
_spr_tile                       = $7879 ; G game_sprite_c
l_spr_tile_00101                = $7897 ; L game_sprite_c
l_spr_tile_00102                = $78A6 ; L game_sprite_c
l_spr_tile_00103                = $78B5 ; L game_sprite_c
l_spr_tile_00104                = $78C5 ; L game_sprite_c
l_spr_tile_00105                = $78D4 ; L game_sprite_c
l_spr_tile_00106                = $78E4 ; L game_sprite_c
l_spr_tile_00107                = $78E6 ; L game_sprite_c
_spr_tile_dir                   = $78E7 ; G game_sprite_c
l_spr_tile_dir_00102            = $7900 ; L game_sprite_c
l_spr_tile_dir_00104            = $790E ; L game_sprite_c
l_spr_tile_dir_00106            = $7923 ; L game_sprite_c
l_spr_tile_dir_00108            = $792A ; L game_sprite_c
l_spr_tile_dir_00109            = $792D ; L game_sprite_c
_spr_draw_background            = $7930 ; G game_sprite_c
l_spr_draw_background_00117     = $7946 ; L game_sprite_c
l_spr_draw_background_00102     = $7965 ; L game_sprite_c
l_spr_draw_background_00115     = $7987 ; L game_sprite_c
l_spr_draw_background_00148     = $799E ; L game_sprite_c
l_spr_draw_background_00103     = $79BC ; L game_sprite_c
l_spr_draw_background_00104     = $79D2 ; L game_sprite_c
l_spr_draw_background_00105     = $79E8 ; L game_sprite_c
l_spr_draw_background_00106     = $79FE ; L game_sprite_c
l_spr_draw_background_00107     = $7A14 ; L game_sprite_c
l_spr_draw_background_00108     = $7A29 ; L game_sprite_c
l_spr_draw_background_00109     = $7A3E ; L game_sprite_c
l_spr_draw_background_00110     = $7A53 ; L game_sprite_c
l_spr_draw_background_00111     = $7A68 ; L game_sprite_c
l_spr_draw_background_00112     = $7A7D ; L game_sprite_c
l_spr_draw_background_00113     = $7A90 ; L game_sprite_c
l_spr_draw_background_00116     = $7A99 ; L game_sprite_c
l_spr_draw_background_00120     = $7AAA ; L game_sprite_c
_game_end                       = $7AAB ; G game_engine_c
_spr_draw_clear                 = $7AAB ; G game_sprite_c
l_spr_draw_clear_00105          = $7AB6 ; L game_sprite_c
l_spr_draw_clear_00103          = $7ABB ; L game_sprite_c
_spr_brick_anim                 = $7AE2 ; G game_sprite_c
l_spr_brick_anim_00102          = $7B1E ; L game_sprite_c
l_spr_brick_anim_00103          = $7B24 ; L game_sprite_c
l_spr_brick_anim_00105          = $7B4D ; L game_sprite_c
l_spr_brick_anim_00107          = $7B6B ; L game_sprite_c
_spr_draw_index                 = $7B6F ; G game_sprite_c
l_spr_draw_index_00103          = $7B83 ; L game_sprite_c
_spr_draw_row                   = $7BB1 ; G game_sprite_c
l_spr_draw_row_00101            = $7BC6 ; L game_sprite_c
l_spr_draw_row_00103            = $7C06 ; L game_sprite_c
_spr_calc_hor                   = $7C0B ; G game_sprite_c
l_spr_calc_hor_00103            = $7C2D ; L game_sprite_c
l_spr_calc_hor_00104            = $7C31 ; L game_sprite_c
_spr_collision_check            = $7C36 ; G game_sprite_c
l_spr_collision_check_00101     = $7C58 ; L game_sprite_c
l_spr_collision_check_00102     = $7C5C ; L game_sprite_c
l_spr_collision_check_00105     = $7C95 ; L game_sprite_c
l_spr_collision_check_00107     = $7CC7 ; L game_sprite_c
l_spr_collision_check_00109     = $7CC9 ; L game_sprite_c
_spr_kill_all                   = $7CCC ; G game_sprite_c
l_spr_kill_all_00102            = $7CD1 ; L game_sprite_c
_spr_back_clr                   = $7CE2 ; G game_sprite_c
l_spr_back_clr_00102            = $7D29 ; L game_sprite_c
l_spr_back_clr_00108            = $7D6E ; L game_sprite_c
l_spr_back_clr_00105            = $7DB1 ; L game_sprite_c
l_spr_back_clr_00110            = $7E30 ; L game_sprite_c
_spr_tile_paint                 = $7E31 ; G game_sprite_c
l_spr_tile_paint_00102          = $7E78 ; L game_sprite_c
l_spr_tile_paint_00104          = $7E87 ; L game_sprite_c
_spr_init_anim                  = $7E8A ; G game_sprite_c
l_spr_init_anim_00102           = $7E8F ; L game_sprite_c
_spr_add_anim                   = $7E9C ; G game_sprite_c
l_spr_add_anim_00104            = $7EA3 ; L game_sprite_c
l_spr_add_anim_00105            = $7EEA ; L game_sprite_c
l_spr_add_anim_00106            = $7EF1 ; L game_sprite_c
_spr_play_anim                  = $7EF5 ; G game_sprite_c
l_spr_play_anim_00109           = $7F01 ; L game_sprite_c
l_spr_play_anim_00102           = $7F19 ; L game_sprite_c
l_spr_play_anim_00104           = $7F6B ; L game_sprite_c
l_spr_play_anim_00110           = $7F84 ; L game_sprite_c
_spr_turn_horizontal            = $7F90 ; G game_sprite_c
l_spr_turn_horizontal_00102     = $7FA2 ; L game_sprite_c
l_spr_turn_horizontal_00103     = $7FAB ; L game_sprite_c
__code_compiler_tail            = $7FCC ; G 
__code_user_head                = $7FCC ; G 
_ay_reset                       = $7FCC ; G game_ay
_ay_is_playing                  = $7FD2 ; G game_ay
answer_known                    = $7FEF ; L game_ay
_ay_midi_play                   = $7FF4 ; G game_ay
midi_play                       = $7FFC ; L game_ay
TAR__crt_org_code               = $8000 ; L zx_crt
__CLIB_OPT_PRINTF_lX            = $8000 ; G zx_crt
__CLIB_OPT_SCANF_lX             = $8000 ; G zx_crt
midi_disable                    = $8012 ; L game_ay
_ay_fx_play                     = $801D ; G game_ay
ay_play                         = $8025 ; L game_ay
ay_disable                      = $8037 ; L game_ay
_game_fill_row                  = $8042 ; G game_engine
game_fill_row                   = $8049 ; L game_engine
gf_ploop                        = $8056 ; L game_engine
_sound_nirvana_halt             = $8081 ; L game_sound
_sound_slide                    = $8087 ; G game_sound
_sound_jump                     = $809F ; G game_sound
_enemy_hit                      = $80C9 ; G game_enemies_c
_sound_coin                     = $80C9 ; G game_sound
_sound_enter_enemy              = $80EA ; G game_sound
_sound_kill                     = $80F9 ; G game_sound
_sound_hit_enemy                = $8111 ; G game_sound
_sound_hit_brick                = $813B ; G game_sound
_sound_hit_pow                  = $8153 ; G game_sound
_zx_print_str                   = $8174 ; G game_zx
zx_print_str                    = $817B ; L game_zx
zps_sloop                       = $817F ; L game_zx
zps_cloop                       = $8190 ; L game_zx
_zx_print_int                   = $81AA ; G game_zx
zx_print_int                    = $81B1 ; L game_zx
_zx_print_chr                   = $81C6 ; G game_zx
zx_print_chr                    = $81CE ; L game_zx
_zx_print_bonus_time            = $81DF ; G game_zx
zx_print_bonus_time             = $81E6 ; L game_zx
__code_user_tail                = $8203 ; G 
__rodata_arch_head              = $8203 ; G 
__rodata_arch_tail              = $8203 ; G 
__rodata_clib_head              = $8203 ; G 
__rodata_clib_tail              = $8203 ; G 
__rodata_driver_head            = $8203 ; G 
__rodata_driver_tail            = $8203 ; G 
__rodata_error_string_end_head  = $8203 ; G 
__rodata_error_strings_head     = $8203 ; G 
__rodata_error_strings_tail     = $8203 ; G 
__rodata_font_head              = $8203 ; G 
__rodata_font_tail              = $8203 ; G 
__rodata_SMSlib_head            = $8204 ; G 
__rodata_SMSlib_tail            = $8204 ; G 
__rodata_compiler_head          = $8204 ; G 
__rodata_error_string_end_tail  = $8204 ; G 
__rodata_fcntl_head             = $8204 ; G 
__rodata_fcntl_tail             = $8204 ; G 
__rodata_font_4x8_head          = $8204 ; G 
__rodata_font_4x8_tail          = $8204 ; G 
__rodata_font_8x8_head          = $8204 ; G 
__rodata_font_8x8_tail          = $8204 ; G 
__rodata_font_fzx_head          = $8204 ; G 
__rodata_font_fzx_tail          = $8204 ; G 
__rodata_input_head             = $8204 ; G 
__rodata_input_tail             = $8204 ; G 
__rodata_lib_head               = $8204 ; G 
__rodata_lib_tail               = $8204 ; G 
__rodata_sound_bit_head         = $8204 ; G 
__rodata_sound_bit_tail         = $8204 ; G 
__rodata_stdio_head             = $8204 ; G 
__rodata_stdio_tail             = $8204 ; G 
__rodata_stdlib_head            = $8204 ; G 
__rodata_stdlib_tail            = $8204 ; G 
_control_method                 = $8204 ; G globals_c
___str_0                        = $8212 ; L globals_c
___str_1                        = $8216 ; L globals_c
___str_2                        = $821A ; L globals_c
___str_3                        = $821E ; L globals_c
___str_4                        = $8222 ; L globals_c
___str_5                        = $8226 ; L globals_c
___str_6                        = $822A ; L globals_c
___str_0                        = $822E ; L game_engine_c
___str_1                        = $8230 ; L game_engine_c
___str_2                        = $8236 ; L game_engine_c
___str_3                        = $8238 ; L game_engine_c
___str_4                        = $823A ; L game_engine_c
___str_5                        = $823E ; L game_engine_c
___str_6                        = $8241 ; L game_engine_c
__rodata_compiler_tail          = $8247 ; G 
__rodata_user_head              = $8247 ; G 
_btiles                         = $8247 ; G btiles
__CODE_END_head                 = $AAC7 ; G 
__CODE_END_tail                 = $AAC7 ; G 
__IGNORE_head                   = $AAC7 ; G 
__IGNORE_tail                   = $AAC7 ; G 
__rodata_user_tail              = $AAC7 ; G 
__NIRVANAM_TILE_IMAGES          = $BB80 ; G zx_crt
__NIRVANAP_TILE_IMAGES          = $BB80 ; L NIRVANAP_ENGINE
__NIRVANAP_TILE_IMAGES          = $BB80 ; G zx_crt
__BIFROSTH_TILE_IMAGES          = $BD74 ; G zx_crt
__BIFROSTL_TILE_IMAGES          = $BD74 ; G zx_crt
__IO_ULAP_REGISTER              = $BF3B ; G zx_crt
__BIFROST2_TILE_IMAGES          = $BF68 ; G zx_crt
BANK06_ay_reset                 = $C000 ; G game_ay
__BANK_06_head                  = $C000 ; G 
IOCTL_ITERM_CAPS                = $C009 ; G zx_crt
IOCTL_ITERM_COOK                = $C011 ; G zx_crt
IOCTL_OTERM_CRLF                = $C012 ; G zx_crt
IOCTL_OCHAR_CRLF                = $C014 ; G zx_crt
BANK06_ay_midi_play_isr         = $C01D ; G game_ay
IOCTL_ITERM_LINE                = $C021 ; G zx_crt
IOCTL_OTERM_COOK                = $C022 ; G zx_crt
midi_loop                       = $C024 ; L game_ay
midi_position_hold              = $C03F ; L game_ay
IOCTL_ITERM_PASS                = $C041 ; G zx_crt
midi_position_next              = $C041 ; L game_ay
IOCTL_OTERM_PAUSE               = $C042 ; G zx_crt
BANK06_ay_reg                   = $C045 ; L game_ay
BANK06_ay_fx_play_isr           = $C053 ; G game_ay
fx_repeat_loop                  = $C056 ; L game_ay
fx_playing                      = $C065 ; L game_ay
fx_loop                         = $C06B ; L game_ay
logvol_loop                     = $C07B ; L game_ay
IOCTL_ITERM_ECHO                = $C081 ; G zx_crt
IOCTL_OTERM_PAGE                = $C082 ; G zx_crt
fx_repeat                       = $C08C ; L game_ay
BANK06_ay_rout                  = $C093 ; L game_ay
rout_loop                       = $C099 ; L game_ay
_ay_effect_01                   = $C0A9 ; G game_ay_res_fx
_ay_effect_02                   = $C0E7 ; G game_ay_res_fx
IOCTL_ITERM_CRLF                = $C101 ; G zx_crt
IOCTL_OTERM_BELL                = $C102 ; G zx_crt
IOCTL_ICHAR_CRLF                = $C103 ; G zx_crt
_ay_effect_03                   = $C15B ; G game_ay_res_fx
_ay_effect_04                   = $C1D5 ; G game_ay_res_fx
IOCTL_ITERM_CURS                = $C201 ; G zx_crt
IOCTL_OTERM_SIGNAL              = $C202 ; G zx_crt
_ay_effect_05                   = $C261 ; G game_ay_res_fx
_ay_effect_06                   = $C2F3 ; G game_ay_res_fx
_ay_effect_07                   = $C385 ; G game_ay_res_fx
_ay_effect_08                   = $C441 ; G game_ay_res_fx
_ay_effect_09                   = $C4FD ; G game_ay_res_fx
_ay_effect_10                   = $C5BF ; G game_ay_res_fx
_ay_effect_11                   = $C681 ; G game_ay_res_fx
_ay_effect_12                   = $C749 ; G game_ay_res_fx
_ay_effect_13                   = $C84D ; G game_ay_res_fx
_ay_effect_14                   = $C963 ; G game_ay_res_fx
_ay_effect_15                   = $CB09 ; G game_ay_res_fx
_ay_effect_16                   = $CD15 ; G game_ay_res_fx
_ay_effect_17                   = $CF69 ; G game_ay_res_fx
SP1V_UPDATELISTH                = $D1ED ; G zx_crt
SP1V_UPDATELISTT                = $D1EF ; G zx_crt
SP1V_PIXELBUFFER                = $D1F7 ; G zx_crt
SP1V_ATTRBUFFER                 = $D1FF ; G zx_crt
SP1V_UPDATEARRAY                = $D200 ; G zx_crt
_ay_effect_18                   = $D211 ; G game_ay_res_fx
__NIRVANAM_WIDE_IMAGES          = $D2F0 ; G zx_crt
__NIRVANAP_WIDE_IMAGES          = $D2F0 ; G zx_crt
_ay_effect_19                   = $D53D ; G game_ay_res_fx
_ay_effect_background           = $D53D ; G game_ay_res_fx
_ay_effect_20                   = $D571 ; G game_ay_res_fx
_pb_midi_title                  = $D5F9 ; G game_ay_res_midi
_pb_midi_phase_1                = $D7F7 ; G game_ay_res_midi
__BANK_06_tail                  = $D923 ; G 
__NIRVANAP_head                 = $DC03 ; G 
asm_NIRVANAP_printC             = $DC03 ; G NIRVANAP_ENGINE
org_nirvanap                    = $DC03 ; G NIRVANAP_ENGINE
_NIRVANAP_CHAR_TABLE            = $DC15 ; G NIRVANAP_ENGINE
asm_NIRVANAP_paintC             = $DC62 ; G NIRVANAP_ENGINE
main_engine                     = $DC86 ; L NIRVANAP_ENGINE
delay_128k                      = $DCD8 ; L NIRVANAP_ENGINE
wait_raster                     = $DCDA ; L NIRVANAP_ENGINE
race_raster                     = $DD77 ; L NIRVANAP_ENGINE
IOCTL_OTERM_CLEAR               = $E002 ; G zx_crt
SP1V_ROTTBL                     = $F000 ; G zx_crt
SP1V_TILEARRAY                  = $F000 ; G zx_crt
exit_raster                     = $F487 ; L NIRVANAP_ENGINE
_NIRVANAP_ISR_HOOK              = $F48A ; G NIRVANAP_ENGINE
_NIRVANAP_ISR_STOP              = $F49B ; G NIRVANAP_ENGINE
_NIRVANAP_HOLE                  = $F49E ; G zx_crt
__NIRVANAP_HOLE                 = $F49E ; G zx_crt
__NIRVANA_HOLE_head             = $F5E6 ; G 
__NIRVANA_HOLE_tail             = $F5E7 ; G 
__code_sound_bit_head           = $F5E7 ; G 
asm_bit_beep_raw                = $F5E7 ; G asm_bit_beep_raw
beeper                          = $F5EB ; L asm_bit_beep_raw
beixp3                          = $F5FF ; L asm_bit_beep_raw
behllp                          = $F604 ; L asm_bit_beep_raw
be_again                        = $F620 ; L asm_bit_beep_raw
be_end                          = $F624 ; L asm_bit_beep_raw
asm_bit_close                   = $F627 ; G asm_bit_close
asm_bit_open                    = $F632 ; G asm_bit_open
_GLOBAL_ZX_PORT_FE              = $F638 ; G _GLOBAL_ZX_PORT_FE
__DATA_head                     = $F638 ; G 
__DATA_tail                     = $F638 ; G 
__code_sound_bit_tail           = $F638 ; G 
__data_alloc_balloc_head        = $F638 ; G 
__data_alloc_balloc_tail        = $F638 ; G 
__data_alloc_malloc_head        = $F638 ; G 
__data_alloc_malloc_tail        = $F638 ; G 
__data_arch_head                = $F638 ; G 
__data_clib_head                = $F638 ; G 
__data_clib_tail                = $F638 ; G 
__data_driver_head              = $F638 ; G 
__data_driver_tail              = $F638 ; G 
__data_font_head                = $F638 ; G 
__data_font_tail                = $F638 ; G 
__smc_clib_head                 = $F638 ; G 
__smc_clib_tail                 = $F638 ; G 
__smc_compiler_head             = $F638 ; G 
__smc_compiler_tail             = $F638 ; G 
__smc_driver_head               = $F638 ; G 
__smc_driver_tail               = $F638 ; G 
__smc_fcntl_head                = $F638 ; G 
__smc_fcntl_tail                = $F638 ; G 
__smc_font_head                 = $F638 ; G 
__smc_font_tail                 = $F638 ; G 
__smc_l_head                    = $F638 ; G 
__smc_l_tail                    = $F638 ; G 
__smc_lib_head                  = $F638 ; G 
__smc_lib_tail                  = $F638 ; G 
__smc_sound_bit_head            = $F638 ; G 
__smc_sound_bit_tail            = $F638 ; G 
__smc_user_head                 = $F638 ; G 
__smc_user_tail                 = $F638 ; G 
__sound_bit_state               = $F638 ; G __sound_bit_state
__data_PSGlib_head              = $F639 ; G 
__data_PSGlib_tail              = $F639 ; G 
__data_SMSlib_head              = $F639 ; G 
__data_SMSlib_tail              = $F639 ; G 
__data_arch_tail                = $F639 ; G 
__data_fcntl_fdtable_body_head  = $F639 ; G 
__data_fcntl_fdtable_body_tail  = $F639 ; G 
__data_fcntl_head               = $F639 ; G 
__data_fcntl_stdio_heap_body_head = $F639 ; G 
__data_fcntl_stdio_heap_body_tail = $F639 ; G 
__data_fcntl_stdio_heap_head_head = $F639 ; G 
__data_fcntl_stdio_heap_head_tail = $F639 ; G 
__data_fcntl_stdio_heap_tail_head = $F639 ; G 
__data_fcntl_stdio_heap_tail_tail = $F639 ; G 
__data_fcntl_tail               = $F639 ; G 
__data_sound_bit_head           = $F639 ; G 
__data_sound_bit_tail           = $F639 ; G 
__data_stdio_head               = $F639 ; G 
__data_stdio_tail               = $F639 ; G 
__data_stdlib_head              = $F639 ; G 
__stdlib_seed                   = $F639 ; G __stdlib_seed
__data_stdlib_tail              = $F63D ; G 
__data_threads_head             = $F63D ; G 
__thrd_id                       = $F63D ; G zx_crt
__data_compiler_head            = $F63E ; G 
__data_lib_head                 = $F63E ; G 
__data_lib_tail                 = $F63E ; G 
__data_threads_tail             = $F63E ; G 
_joynames                       = $F63E ; G globals_c
_scr_0                          = $F64C ; G globals_c
_scr_1                          = $F6A9 ; G globals_c
_scr_2                          = $F6E5 ; G globals_c
_scr_3                          = $F726 ; G globals_c
_scr_4                          = $F760 ; G globals_c
_scr_5                          = $F7B9 ; G globals_c
_scr_6                          = $F7FA ; G globals_c
_scr_7                          = $F847 ; G globals_c
_sprite_speed                   = $F89D ; G globals_c
_sprite_frames                  = $F8AE ; G globals_c
__BSS_UNINITIALIZED_head        = $F8BF ; G 
__BSS_UNINITIALIZED_tail        = $F8BF ; G 
__BSS_head                      = $F8BF ; G 
__BSS_tail                      = $F8BF ; G 
__DATA_END_head                 = $F8BF ; G 
__DATA_END_tail                 = $F8BF ; G 
__bss_alloc_balloc_head         = $F8BF ; G 
__bss_alloc_balloc_tail         = $F8BF ; G 
__bss_alloc_malloc_head         = $F8BF ; G 
__bss_alloc_malloc_tail         = $F8BF ; G 
__bss_arch_head                 = $F8BF ; G 
__bss_arch_tail                 = $F8BF ; G 
__bss_clib_head                 = $F8BF ; G 
__bss_clib_tail                 = $F8BF ; G 
__bss_compress_aplib_head       = $F8BF ; G 
__bss_compress_aplib_tail       = $F8BF ; G 
__bss_driver_head               = $F8BF ; G 
__bss_driver_tail               = $F8BF ; G 
__bss_error_head                = $F8BF ; G 
__bss_font_head                 = $F8BF ; G 
__bss_font_tail                 = $F8BF ; G 
__data_compiler_tail            = $F8BF ; G 
__data_user_head                = $F8BF ; G 
__data_user_tail                = $F8BF ; G 
_errno                          = $F8BF ; G _errno
__bss_PSGlib_head               = $F8C1 ; G 
__bss_PSGlib_tail               = $F8C1 ; G 
__bss_SMSlib_head               = $F8C1 ; G 
__bss_SMSlib_tail               = $F8C1 ; G 
__bss_error_tail                = $F8C1 ; G 
__bss_fcntl_head                = $F8C1 ; G 
__bss_fcntl_tail                = $F8C1 ; G 
__bss_input_head                = $F8C1 ; G 
__bss_input_tail                = $F8C1 ; G 
__bss_sound_bit_head            = $F8C1 ; G 
__bss_sound_bit_tail            = $F8C1 ; G 
__bss_stdio_head                = $F8C1 ; G 
__bss_stdio_tail                = $F8C1 ; G 
__bss_stdlib_head               = $F8C1 ; G 
__exit_stack                    = $F8C1 ; G zx_crt
__quickexit_stack               = $F8C2 ; G zx_crt
__bss_compiler_head             = $F8C3 ; G 
__bss_lib_head                  = $F8C3 ; G 
__bss_lib_tail                  = $F8C3 ; G 
__bss_stdlib_tail               = $F8C3 ; G 
__bss_string_head               = $F8C3 ; G 
__bss_string_tail               = $F8C3 ; G 
_spec128                        = $F8C3 ; G globals_c
_joyfunc1                       = $F8C4 ; G globals_c
_k1                             = $F8C6 ; G globals_c
_dirs                           = $F8D0 ; G globals_c
_tbuffer                        = $F8D1 ; G globals_c
_class                          = $F8D8 ; G globals_c
_state                          = $F8E0 ; G globals_c
_state_a                        = $F8E8 ; G globals_c
_tile                           = $F8F0 ; G globals_c
_lin                            = $F8F8 ; G globals_c
_col                            = $F900 ; G globals_c
_colint                         = $F908 ; G globals_c
_spr_timer                      = $F910 ; G globals_c
_last_time                      = $F920 ; G globals_c
_jump_lin                       = $F930 ; G globals_c
_player_hit_lin                 = $F938 ; G globals_c
_player_hit_col                 = $F939 ; G globals_c
_player_slide                   = $F93A ; G globals_c
_player_score                   = $F93B ; G globals_c
_player_joy                     = $F93D ; G globals_c
_player_lives                   = $F93F ; G globals_c
_player_vel_x                   = $F940 ; G globals_c
_player_vel_y                   = $F941 ; G globals_c
_player_vel_y0                  = $F943 ; G globals_c
_game_gravity                   = $F945 ; G globals_c
_sprite                         = $F947 ; G globals_c
_player_hit_count               = $F948 ; G globals_c
_s_tile0                        = $F949 ; G globals_c
_s_tile1                        = $F94A ; G globals_c
_s_lin0                         = $F94B ; G globals_c
_s_lin1                         = $F94C ; G globals_c
_s_col0                         = $F94D ; G globals_c
_s_col1                         = $F94E ; G globals_c
_sprite_lin_inc_mul             = $F94F ; G globals_c
_loop_count                     = $F950 ; G globals_c
_index1                         = $F952 ; G globals_c
_tmp                            = $F954 ; G globals_c
_tmp0                           = $F955 ; G globals_c
_tmp1                           = $F956 ; G globals_c
_tmp_uc                         = $F957 ; G globals_c
_tmp_sc                         = $F958 ; G globals_c
_tmp_ui                         = $F959 ; G globals_c
_enemies                        = $F95B ; G globals_c
_zx_val_asm                     = $F95C ; G globals_c
_attrib                         = $F95D ; G globals_c
_attrib_hl                      = $F961 ; G globals_c
_s_state                        = $F965 ; G globals_c
_g_player_hit_left              = $F966 ; G globals_c
_g_player_hit_right             = $F967 ; G globals_c
_curr_time                      = $F968 ; G globals_c
_entry_time                     = $F96A ; G globals_c
_frame_time                     = $F96C ; G globals_c
_anim_time                      = $F96E ; G globals_c
_spr_count                      = $F970 ; G globals_c
_sprite_curr_index              = $F971 ; G globals_c
_anim_lin                       = $F972 ; G globals_c
_anim_col                       = $F97A ; G globals_c
_anim_tile                      = $F982 ; G globals_c
_anim_int                       = $F98A ; G globals_c
_anim_end                       = $F992 ; G globals_c
_game_brick_tile                = $F99A ; G globals_c
_game_two_player                = $F99B ; G globals_c
_game_start_phase               = $F99C ; G globals_c
_game_god_mode                  = $F99D ; G globals_c
_game_inmune                    = $F99E ; G globals_c
_game_sound                     = $F99F ; G globals_c
_game_over                      = $F9A0 ; G globals_c
_game_type                      = $F9A1 ; G globals_c
_game_menu_sel                  = $F9A2 ; G globals_c
_game_score_top                 = $F9A3 ; G globals_c
_phase_tot                      = $F9A5 ; G globals_c
_phase_pop                      = $F9A6 ; G globals_c
_phase_coins                    = $F9A7 ; G globals_c
_phase_end                      = $F9A8 ; G globals_c
_phase_curr                     = $F9A9 ; G globals_c
_phase_angry                    = $F9AA ; G globals_c
_screen_paper                   = $F9AB ; G globals_c
_screen_ink                     = $F9AC ; G globals_c
_scr_map                        = $F9AD ; G globals_c
_scr_curr                       = $FA4D ; G globals_c
_map_width                      = $FA4E ; G globals_c
_map_heigth                     = $FA4F ; G globals_c
_sprite_speed_alt               = $FA50 ; G globals_c
__bss_compiler_tail             = $FA58 ; G 
__bss_user_head                 = $FA58 ; G 
_ay_reset_low                   = $FA58 ; G game_ay
_ay_midi_playing                = $FA59 ; G game_ay
_ay_midi_hold                   = $FA5B ; G game_ay
_ay_fx_playing                  = $FA5C ; G game_ay
__BSS_END_head                  = $FA5E ; G 
__BSS_END_tail                  = $FA5E ; G 
__bss_user_tail                 = $FA5E ; G 
asm_NIRVANAP_drawT              = $FB06 ; G NIRVANAP_ENGINE
_NIRVANAP_TILE_IMAGES           = $FB1C ; G NIRVANAP_ENGINE
exit_draw                       = $FBFC ; L NIRVANAP_ENGINE
bitmaps                         = $FC00 ; L NIRVANAP_ENGINE
attribs                         = $FCC8 ; L NIRVANAP_ENGINE
_BIFROST2_HOLE                  = $FD47 ; G zx_crt
__BIFROST2_HOLE                 = $FD47 ; G zx_crt
asm_NIRVANAP_fillT              = $FDA0 ; G NIRVANAP_ENGINE
exit_fill                       = $FDDF ; L NIRVANAP_ENGINE
_NIRVANAM_HOLE                  = $FDE2 ; G zx_crt
__NIRVANAM_HOLE                 = $FDE2 ; G zx_crt
_NIRVANAP_start                 = $FDE3 ; G NIRVANAP_start
asm_NIRVANAP_start              = $FDE3 ; G NIRVANAP_ENGINE
__BIFROST2_TILE_MAP             = $FF01 ; G zx_crt
__BIFROSTH_TILE_MAP             = $FF01 ; G zx_crt
__BIFROSTL_TILE_MAP             = $FF01 ; G zx_crt
deltas                          = $FF01 ; L NIRVANAP_ENGINE
asm_NIRVANAP_fillC              = $FF21 ; G NIRVANAP_ENGINE
__IO_ULAP_DATA                  = $FF3B ; G zx_crt
asm_NIRVANAP_readC              = $FF3E ; G NIRVANAP_ENGINE
TAR__register_sp                = $FF58 ; L zx_crt
__NIRVANAP_tail                 = $FF62 ; G 
__size                          = $FF62 ; G 
__tail                          = $FF62 ; G 
__CLIB_OPT_PRINTF_lo            = $10000 ; G zx_crt
__CLIB_OPT_SCANF_lo             = $10000 ; G zx_crt
__CLIB_OPT_PRINTF_ln            = $20000 ; G zx_crt
__CLIB_OPT_SCANF_ln             = $20000 ; G zx_crt
TAR__crt_on_exit                = $30002 ; L zx_crt
__CLIB_OPT_PRINTF_li            = $40000 ; G zx_crt
__CLIB_OPT_SCANF_li             = $40000 ; G zx_crt
__CLIB_OPT_PRINTF_lp            = $80000 ; G zx_crt
__CLIB_OPT_SCANF_lp             = $80000 ; G zx_crt
__CLIB_OPT_PRINTF_lB            = $100000 ; G zx_crt
__CLIB_OPT_SCANF_lB             = $100000 ; G zx_crt
__CLIB_OPT_SCANF_BRACKET        = $200000 ; G zx_crt
__CLIB_OPT_PRINTF               = $2FF6FF ; G zx_crt
__CLIB_OPT_SCANF                = $2FF6FF ; G zx_crt
__CPU_CLOCK                     = $3567E0 ; L asm_z80_delay_ms
__CPU_CLOCK                     = $3567E0 ; G zx_crt
__CLIB_OPT_PRINTF_a             = $400000 ; G zx_crt
__CLIB_OPT_SCANF_a              = $400000 ; G zx_crt
__CLIB_OPT_PRINTF_A             = $800000 ; G zx_crt
__CLIB_OPT_SCANF_A              = $800000 ; G zx_crt
__CLIB_OPT_PRINTF_e             = $1000000 ; G zx_crt
__CLIB_OPT_SCANF_e              = $1000000 ; G zx_crt
__CLIB_OPT_PRINTF_E             = $2000000 ; G zx_crt
__CLIB_OPT_SCANF_E              = $2000000 ; G zx_crt
__CLIB_OPT_PRINTF_f             = $4000000 ; G zx_crt
__CLIB_OPT_SCANF_f              = $4000000 ; G zx_crt
__CLIB_OPT_PRINTF_F             = $8000000 ; G zx_crt
__CLIB_OPT_SCANF_F              = $8000000 ; G zx_crt
__CLIB_OPT_PRINTF_g             = $10000000 ; G zx_crt
__CLIB_OPT_SCANF_g              = $10000000 ; G zx_crt
__CLIB_OPT_PRINTF_G             = $20000000 ; G zx_crt
__CLIB_OPT_SCANF_G              = $20000000 ; G zx_crt
